<area shape="rect" href="$classedu_1_1packt_1_1neuralnet_1_1util_1_1_matrix.html#5d27282250509764a0a1367df558b5ef" title="edu.packt.neuralnet.util.Matrix.getNumberOfColumns" alt="" coords="1961,545,2297,572">
<area shape="rect" href="$classedu_1_1packt_1_1neuralnet_1_1util_1_1_matrix.html#ac6583c30d5eb5424e9697ae8fc9045f" title="edu.packt.neuralnet.util.Matrix.getNumberOfRows" alt="" coords="1971,216,2288,243">
<area shape="rect" href="$classedu_1_1packt_1_1neuralnet_1_1util_1_1_matrix.html#21b037d5156b40c898d810198749b242" title="edu.packt.neuralnet.util.Matrix.Matrix" alt="" coords="1641,89,1881,116">
<area shape="rect" href="$classedu_1_1packt_1_1neuralnet_1_1util_1_1_matrix.html#964cb7a86469aa16e0f5185f8fcd1475" title="edu.packt.neuralnet.util.Matrix.setValue" alt="" coords="629,368,885,395">
<area shape="rect" href="$classedu_1_1packt_1_1neuralnet_1_1util_1_1_matrix.html#9293ebbe20a17c5fba0a143084b0b41a" title="edu.packt.neuralnet.util.Matrix.subMatrix" alt="" coords="319,241,580,268">
<area shape="rect" href="$classedu_1_1packt_1_1neuralnet_1_1util_1_1_matrix.html#361ed450349dd9ae5deda4f2f94540ba" title="edu.packt.neuralnet.util.Matrix.determinant" alt="" coords="933,444,1208,471">
<area shape="rect" href="$classedu_1_1packt_1_1neuralnet_1_1util_1_1_matrix.html#a7136e573781b32bdc8c4d4fa5a19f69" title="edu.packt.neuralnet.util.Matrix.LUdecomposition" alt="" coords="1256,393,1563,420">
<area shape="rect" href="$classedu_1_1packt_1_1neuralnet_1_1util_1_1_matrix.html#510bbe9cf02aed8539388d1daed3d0bf" title="edu.packt.neuralnet.util.Matrix.multiplyDiagonal" alt="" coords="1611,495,1912,521">
<area shape="rect" href="$classedu_1_1packt_1_1neuralnet_1_1util_1_1_matrix.html#8710f51c2b7664465a7703e9ab485dbe" title="edu.packt.neuralnet.util.Matrix.getValue" alt="" coords="2001,419,2257,445">
<area shape="rect" href="$classedu_1_1packt_1_1neuralnet_1_1util_1_1_matrix.html#6032f8217c058cf374a7078a5efe4a81" title="edu.packt.neuralnet.util.Matrix.setZeros" alt="" coords="1633,343,1889,369">
<area shape="rect" href="$classedu_1_1packt_1_1neuralnet_1_1util_1_1_matrix.html#554f17343858aad26f583ef4d2cc0f42" title="edu.packt.neuralnet.util.Matrix.sumRowByRow" alt="" coords="1612,444,1911,471">
