<area shape="rect" href="$classedu_1_1packt_1_1neuralnet_1_1_neural_net.html#367b52fc13f06b36b77135b25cb9b798" title="edu.packt.neuralnet.NeuralNet.getHiddenLayer" alt="" coords="325,5,624,32">
<area shape="rect" href="$classedu_1_1packt_1_1neuralnet_1_1_neural_net.html#61327e435c95e3c3de0bbf2f2f556392" title="edu.packt.neuralnet.NeuralNet.getInputLayer" alt="" coords="331,56,619,83">
<area shape="rect" href="$classedu_1_1packt_1_1neuralnet_1_1_neural_net.html#7b73c95ca04f299357dc5ea32f72893d" title="edu.packt.neuralnet.NeuralNet.getListOfHiddenLayer" alt="" coords="307,107,643,133">
<area shape="rect" href="$classedu_1_1packt_1_1neuralnet_1_1_neural_net.html#242fb32fd1cfdf033445094116679d9a" title="edu.packt.neuralnet.NeuralNet.getOutputLayer" alt="" coords="325,157,624,184">
<area shape="rect" href="$classedu_1_1packt_1_1neuralnet_1_1_output_layer.html#4f579ab9ea2637957305539f8f35dcd5" title="edu.packt.neuralnet.OutputLayer.printLayer" alt="" coords="335,208,615,235">
<area shape="rect" href="$classedu_1_1packt_1_1neuralnet_1_1_hidden_layer.html#e29a01aad1799ecf5c5fb88dd062ef31" title="edu.packt.neuralnet.HiddenLayer.printLayer" alt="" coords="335,309,615,336">
<area shape="rect" href="$classedu_1_1packt_1_1neuralnet_1_1_input_layer.html#d952b41e31d2d80e8a39b66b1e9816e3" title="edu.packt.neuralnet.InputLayer.printLayer" alt="" coords="340,259,609,285">
<area shape="rect" href="$classedu_1_1packt_1_1neuralnet_1_1_layer.html#884240cc906fb8b36194cccf19c2b6bc" title="edu.packt.neuralnet.Layer.getListOfNeurons" alt="" coords="704,208,987,235">
<area shape="rect" href="$classedu_1_1packt_1_1neuralnet_1_1_neuron.html#38f3084a2ed3c3aef247b6f63df22df4" title="edu.packt.neuralnet.Neuron.getListOfWeightOut" alt="" coords="692,259,999,285">
<area shape="rect" href="$classedu_1_1packt_1_1neuralnet_1_1_neuron.html#0b36eaf596659d5588362ac484225b04" title="edu.packt.neuralnet.Neuron.getOutputValue" alt="" coords="704,157,987,184">
<area shape="rect" href="$classedu_1_1packt_1_1neuralnet_1_1_neuron.html#a7dbd13df945a1940769f9c8cd47fe80" title="edu.packt.neuralnet.Neuron.getListOfWeightIn" alt="" coords="697,309,993,336">
