<area shape="rect" href="$classedu_1_1packt_1_1neuralnet_1_1learn_1_1_training.html#16214b108139b3452c15a0c6695afcb7" title="edu.packt.neuralnet.learn.Training.activationFnc" alt="" coords="341,31,648,57">
<area shape="rect" href="$classedu_1_1packt_1_1neuralnet_1_1learn_1_1_backpropagation.html#bf900f3a44652640f21f048704ccaffd" title="edu.packt.neuralnet.learn.Backpropagation.forward" alt="" coords="697,31,1020,57">
<area shape="rect" href="$classedu_1_1packt_1_1neuralnet_1_1_neural_net.html#82c9337c75bc84b8d1e84c4846a0b138" title="edu.packt.neuralnet.NeuralNet.getNetOutputValues" alt="" coords="1425,5,1751,32">
<area shape="rect" href="$classedu_1_1packt_1_1neuralnet_1_1learn_1_1_backpropagation.html#6e80c193a016810e682ac21b413a2ea4" title="edu.packt.neuralnet.learn.Backpropagation.train" alt="" coords="1069,56,1376,83">
<area shape="rect" href="$classedu_1_1packt_1_1neuralnet_1_1weather_1_1_weather.html#c89e26e1b946a1a81f00f8491d60e995" title="edu.packt.neuralnet.weather.Weather.main" alt="" coords="1816,5,2093,32">
<area shape="rect" href="$classedu_1_1packt_1_1neuralnet_1_1_neural_net.html#0fb68b5351c5a8be51f96c0197ab6651" title="edu.packt.neuralnet.NeuralNet.trainNet" alt="" coords="1461,56,1715,83">
<area shape="rect" href="$classedu_1_1packt_1_1neuralnet_1_1_neural_net_test.html#de053992d60ac8d0743510789d480f5b" title="edu.packt.neuralnet.NeuralNetTest.testKohonen" alt="" coords="1801,56,2108,83">
<area shape="rect" href="$classedu_1_1packt_1_1neuralnet_1_1_neural_net_test.html#8efe123a4bf586210d969569369b0dba" title="edu.packt.neuralnet.NeuralNetTest.main" alt="" coords="2157,56,2419,83">
