<area shape="rect" href="$classedu_1_1packt_1_1neuralnet_1_1_neural_net.html#42d6e1250122830856d89a3686b3a796" title="edu.packt.neuralnet.NeuralNet.getListOfMSE" alt="" coords="1157,652,1445,679">
<area shape="rect" href="$classedu_1_1packt_1_1neuralnet_1_1_neural_net.html#82c9337c75bc84b8d1e84c4846a0b138" title="edu.packt.neuralnet.NeuralNet.getNetOutputValues" alt="" coords="761,411,1087,437">
<area shape="rect" href="$classedu_1_1packt_1_1neuralnet_1_1_neural_net.html#a391d187fbca78fa9fac6eb08a9dbede" title="edu.packt.neuralnet.NeuralNet.initNet" alt="" coords="1180,1069,1423,1096">
<area shape="rect" href="$classedu_1_1packt_1_1neuralnet_1_1util_1_1_data.html#c0d69fe25790d44aaf0060ee3ef7dabb" title="edu.packt.neuralnet.util.Data.normalize" alt="" coords="393,512,647,539">
<area shape="rect" href="$classedu_1_1packt_1_1neuralnet_1_1util_1_1_chart.html#cd70ff94ea2678020d41d9f1bb4456b0" title="edu.packt.neuralnet.util.Chart.plotXYData" alt="" coords="387,563,653,589">
<area shape="rect" href="$classedu_1_1packt_1_1neuralnet_1_1_neural_net.html#d8a8c2e14e0dca5720f083781cd65a75" title="edu.packt.neuralnet.NeuralNet.printNet" alt="" coords="797,183,1051,209">
<area shape="rect" href="$classedu_1_1packt_1_1neuralnet_1_1util_1_1_data.html#ebb407ed27bd67537ca7f779c1cb3e8c" title="edu.packt.neuralnet.util.Data.rawData2Matrix" alt="" coords="376,461,664,488">
<area shape="rect" href="$classedu_1_1packt_1_1neuralnet_1_1_neural_net.html#59ca603e369ac4319892bc9d49d50477" title="edu.packt.neuralnet.NeuralNet.setActivationFnc" alt="" coords="368,715,672,741">
<area shape="rect" href="$classedu_1_1packt_1_1neuralnet_1_1_neural_net.html#62616fe89b4ee62efc92bc0f4490a372" title="edu.packt.neuralnet.NeuralNet.setActivationFncOutputLayer" alt="" coords="331,765,709,792">
<area shape="rect" href="$classedu_1_1packt_1_1neuralnet_1_1_neural_net.html#07c09b1cded532abff86d9ab9a4f1800" title="edu.packt.neuralnet.NeuralNet.setLearningRate" alt="" coords="368,816,672,843">
<area shape="rect" href="$classedu_1_1packt_1_1neuralnet_1_1_neural_net.html#460e07bbcd7a383b25dcdd17515edfb7" title="edu.packt.neuralnet.NeuralNet.setMaxEpochs" alt="" coords="373,867,667,893">
<area shape="rect" href="$classedu_1_1packt_1_1neuralnet_1_1_neural_net.html#eb1b8b8c88a3ee75dccedc0ab7efd919" title="edu.packt.neuralnet.NeuralNet.setRealMatrixOutputSet" alt="" coords="345,917,695,944">
<area shape="rect" href="$classedu_1_1packt_1_1neuralnet_1_1_neural_net.html#4772754bde999eea841cce83891a441e" title="edu.packt.neuralnet.NeuralNet.setTargetError" alt="" coords="373,968,667,995">
<area shape="rect" href="$classedu_1_1packt_1_1neuralnet_1_1_neural_net.html#cfabb83136c77f550a8151c973b32efd" title="edu.packt.neuralnet.NeuralNet.setTrainSet" alt="" coords="383,1019,657,1045">
<area shape="rect" href="$classedu_1_1packt_1_1neuralnet_1_1_neural_net.html#c499625ada286215d3b5a7441ec15439" title="edu.packt.neuralnet.NeuralNet.setTrainType" alt="" coords="377,1069,663,1096">
<area shape="rect" href="$classedu_1_1packt_1_1neuralnet_1_1_neural_net.html#0fb68b5351c5a8be51f96c0197ab6651" title="edu.packt.neuralnet.NeuralNet.trainNet" alt="" coords="393,664,647,691">
<area shape="rect" href="$classedu_1_1packt_1_1neuralnet_1_1learn_1_1_backpropagation.html#bf900f3a44652640f21f048704ccaffd" title="edu.packt.neuralnet.learn.Backpropagation.forward" alt="" coords="1140,512,1463,539">
<area shape="rect" href="$classedu_1_1packt_1_1neuralnet_1_1_layer.html#884240cc906fb8b36194cccf19c2b6bc" title="edu.packt.neuralnet.Layer.getListOfNeurons" alt="" coords="1569,195,1852,221">
<area shape="rect" href="$classedu_1_1packt_1_1neuralnet_1_1_layer.html#897922d6c13d0079f6918338b1ed7147" title="edu.packt.neuralnet.Layer.getNumberOfNeuronsInLayer" alt="" coords="1957,816,2312,843">
<area shape="rect" href="$classedu_1_1packt_1_1neuralnet_1_1_neural_net.html#242fb32fd1cfdf033445094116679d9a" title="edu.packt.neuralnet.NeuralNet.getOutputLayer" alt="" coords="1561,360,1860,387">
<area shape="rect" href="$classedu_1_1packt_1_1neuralnet_1_1_neural_net.html#c2e7c33dcd99679a76e6b405d93d7f5b" title="edu.packt.neuralnet.NeuralNet.getTrainSet" alt="" coords="1573,765,1848,792">
<area shape="rect" href="$classedu_1_1packt_1_1neuralnet_1_1learn_1_1_training.html#16214b108139b3452c15a0c6695afcb7" title="edu.packt.neuralnet.learn.Training.activationFnc" alt="" coords="1557,664,1864,691">
<area shape="rect" href="$classedu_1_1packt_1_1neuralnet_1_1_neural_net.html#20ef5ea336c7d1730b65c4026d6fd285" title="edu.packt.neuralnet.NeuralNet.getActivationFnc" alt="" coords="1559,461,1863,488">
<area shape="rect" href="$classedu_1_1packt_1_1neuralnet_1_1_neural_net.html#0d441aaaf3fc0902c508a255db617050" title="edu.packt.neuralnet.NeuralNet.getActivationFncOutputLayer" alt="" coords="1521,512,1900,539">
<area shape="rect" href="$classedu_1_1packt_1_1neuralnet_1_1_neural_net.html#7b73c95ca04f299357dc5ea32f72893d" title="edu.packt.neuralnet.NeuralNet.getListOfHiddenLayer" alt="" coords="1543,284,1879,311">
<area shape="rect" href="$classedu_1_1packt_1_1neuralnet_1_1_neuron.html#a7dbd13df945a1940769f9c8cd47fe80" title="edu.packt.neuralnet.Neuron.getListOfWeightIn" alt="" coords="1563,107,1859,133">
<area shape="rect" href="$classedu_1_1packt_1_1neuralnet_1_1_neural_net.html#79fa7f9b399b5358a6c490fc1e9e5a9c" title="edu.packt.neuralnet.NeuralNet.getRealMatrixOutputSet" alt="" coords="1536,563,1885,589">
<area shape="rect" href="$classedu_1_1packt_1_1neuralnet_1_1_neural_net.html#3e642d97304902c4e777d03d66074af5" title="edu.packt.neuralnet.NeuralNet.setErrorMean" alt="" coords="1567,613,1855,640">
<area shape="rect" href="$classedu_1_1packt_1_1neuralnet_1_1_output_layer.html#ee350d0014be1cfbd3e8de279142becc" title="edu.packt.neuralnet.OutputLayer.initLayer" alt="" coords="1576,816,1845,843">
<area shape="rect" href="$classedu_1_1packt_1_1neuralnet_1_1_hidden_layer.html#75811af83413fa7fc0c71d5eaa488ad1" title="edu.packt.neuralnet.HiddenLayer.initLayer" alt="" coords="1575,867,1847,893">
<area shape="rect" href="$classedu_1_1packt_1_1neuralnet_1_1_input_layer.html#183330370b7cc424aef8604c00b338f7" title="edu.packt.neuralnet.InputLayer.initLayer" alt="" coords="1581,968,1840,995">
<area shape="rect" href="$classedu_1_1packt_1_1neuralnet_1_1_neural_net.html#780816351285521bf51d63080d243c01" title="edu.packt.neuralnet.NeuralNet.setHiddenLayer" alt="" coords="1561,1069,1860,1096">
<area shape="rect" href="$classedu_1_1packt_1_1neuralnet_1_1_neural_net.html#24cfee30d0351c5d58aa34b7d2071d1e" title="edu.packt.neuralnet.NeuralNet.setInputLayer" alt="" coords="1567,1120,1855,1147">
<area shape="rect" href="$classedu_1_1packt_1_1neuralnet_1_1_neural_net.html#67782e73b6b32e2cf17341c1f326624c" title="edu.packt.neuralnet.NeuralNet.setListOfHiddenLayer" alt="" coords="1544,1171,1877,1197">
<area shape="rect" href="$classedu_1_1packt_1_1neuralnet_1_1_neural_net.html#770366f71716a4fd81f7743281b3a036" title="edu.packt.neuralnet.NeuralNet.setNumberOfHiddenLayers" alt="" coords="1527,1221,1895,1248">
<area shape="rect" href="$classedu_1_1packt_1_1neuralnet_1_1_layer.html#98869674f0859a4ed7978f5dcd964cfc" title="edu.packt.neuralnet.Layer.setNumberOfNeuronsInLayer" alt="" coords="1533,1272,1888,1299">
<area shape="rect" href="$classedu_1_1packt_1_1neuralnet_1_1_hidden_layer.html#5a73556371b65931dceba233a25a79d0" title="edu.packt.neuralnet.HiddenLayer.setNumberOfNeuronsInLayer" alt="" coords="1513,1323,1908,1349">
<area shape="rect" href="$classedu_1_1packt_1_1neuralnet_1_1_input_layer.html#e23766eccd21e834320faa75bf8875fd" title="edu.packt.neuralnet.InputLayer.setNumberOfNeuronsInLayer" alt="" coords="1519,917,1903,944">
<area shape="rect" href="$classedu_1_1packt_1_1neuralnet_1_1_neural_net.html#f1c1aa92631538b5eae425583f4cc53c" title="edu.packt.neuralnet.NeuralNet.setOutputLayer" alt="" coords="1561,1019,1860,1045">
<area shape="rect" href="$classedu_1_1packt_1_1neuralnet_1_1_neural_net.html#367b52fc13f06b36b77135b25cb9b798" title="edu.packt.neuralnet.NeuralNet.getHiddenLayer" alt="" coords="1152,208,1451,235">
<area shape="rect" href="$classedu_1_1packt_1_1neuralnet_1_1_neural_net.html#61327e435c95e3c3de0bbf2f2f556392" title="edu.packt.neuralnet.NeuralNet.getInputLayer" alt="" coords="1157,5,1445,32">
<area shape="rect" href="$classedu_1_1packt_1_1neuralnet_1_1_output_layer.html#4f579ab9ea2637957305539f8f35dcd5" title="edu.packt.neuralnet.OutputLayer.printLayer" alt="" coords="1161,157,1441,184">
<area shape="rect" href="$classedu_1_1packt_1_1neuralnet_1_1_hidden_layer.html#e29a01aad1799ecf5c5fb88dd062ef31" title="edu.packt.neuralnet.HiddenLayer.printLayer" alt="" coords="1161,56,1441,83">
<area shape="rect" href="$classedu_1_1packt_1_1neuralnet_1_1_input_layer.html#d952b41e31d2d80e8a39b66b1e9816e3" title="edu.packt.neuralnet.InputLayer.printLayer" alt="" coords="1167,107,1436,133">
<area shape="rect" href="$classedu_1_1packt_1_1neuralnet_1_1util_1_1_data.html#5d666b85dcfedc7fd1cf5bc69316f1ec" title="edu.packt.neuralnet.util.Data.defineAbsoluteFilePath" alt="" coords="757,461,1091,488">
<area shape="rect" href="$classedu_1_1packt_1_1neuralnet_1_1som_1_1_kohonen.html#be84746fa2c87ad362c4232c6b700930" title="edu.packt.neuralnet.som.Kohonen.train" alt="" coords="797,765,1051,792">
<area shape="rect" href="$classedu_1_1packt_1_1neuralnet_1_1learn_1_1_backpropagation.html#6e80c193a016810e682ac21b413a2ea4" title="edu.packt.neuralnet.learn.Backpropagation.train" alt="" coords="771,664,1077,691">
<area shape="rect" href="$classedu_1_1packt_1_1neuralnet_1_1learn_1_1_adaline.html#f398ad45e799b7e57b3c2f60e2526a55" title="edu.packt.neuralnet.learn.Adaline.train" alt="" coords="799,715,1049,741">
<area shape="rect" href="$classedu_1_1packt_1_1neuralnet_1_1learn_1_1_perceptron.html#1ae0dba3298a93d7ad2ab02935513f44" title="edu.packt.neuralnet.learn.Perceptron.train" alt="" coords="788,816,1060,843">
