<area shape="rect" href="$classedu_1_1packt_1_1neuralnet_1_1learn_1_1_backpropagation.html#98392299268e48c9d57cd8a0dcce0824" title="edu.packt.neuralnet.learn.Backpropagation.backpropagation" alt="" coords="360,335,739,361">
<area shape="rect" href="$classedu_1_1packt_1_1neuralnet_1_1_neural_net.html#c2e7c33dcd99679a76e6b405d93d7f5b" title="edu.packt.neuralnet.NeuralNet.getTrainSet" alt="" coords="839,689,1113,716">
<area shape="rect" href="$classedu_1_1packt_1_1neuralnet_1_1learn_1_1_backpropagation.html#bf900f3a44652640f21f048704ccaffd" title="edu.packt.neuralnet.learn.Backpropagation.forward" alt="" coords="388,512,711,539">
<area shape="rect" href="$classedu_1_1packt_1_1neuralnet_1_1_neural_net.html#06b04584eccf0496d268a34cfb062a34" title="edu.packt.neuralnet.NeuralNet.getErrorMean" alt="" coords="405,613,693,640">
<area shape="rect" href="$classedu_1_1packt_1_1neuralnet_1_1_neural_net.html#42d6e1250122830856d89a3686b3a796" title="edu.packt.neuralnet.NeuralNet.getListOfMSE" alt="" coords="405,664,693,691">
<area shape="rect" href="$classedu_1_1packt_1_1neuralnet_1_1_neural_net.html#f14057f123727ff718a5403015e4e647" title="edu.packt.neuralnet.NeuralNet.getMaxEpochs" alt="" coords="403,715,696,741">
<area shape="rect" href="$classedu_1_1packt_1_1neuralnet_1_1learn_1_1_training.html#b5cf1337fba9c089662d99fae5977c8c" title="edu.packt.neuralnet.learn.Training.getMse" alt="" coords="413,765,685,792">
<area shape="rect" href="$classedu_1_1packt_1_1neuralnet_1_1_neural_net.html#2f63bc17bf5a76266ab3a09660a96e5f" title="edu.packt.neuralnet.NeuralNet.getTargetError" alt="" coords="403,816,696,843">
<area shape="rect" href="$classedu_1_1packt_1_1neuralnet_1_1learn_1_1_training.html#8d24c85a9586aad2cf00a305e04d39b8" title="edu.packt.neuralnet.learn.Training.setMse" alt="" coords="413,867,685,893">
<area shape="rect" href="$classedu_1_1packt_1_1neuralnet_1_1learn_1_1_training.html#0e7eb2e324e36d3b5e740675f10bdda8" title="edu.packt.neuralnet.learn.Training.derivativeActivationFnc" alt="" coords="793,81,1159,108">
<area shape="rect" href="$classedu_1_1packt_1_1neuralnet_1_1_neural_net.html#20ef5ea336c7d1730b65c4026d6fd285" title="edu.packt.neuralnet.NeuralNet.getActivationFnc" alt="" coords="824,385,1128,412">
<area shape="rect" href="$classedu_1_1packt_1_1neuralnet_1_1_neural_net.html#0d441aaaf3fc0902c508a255db617050" title="edu.packt.neuralnet.NeuralNet.getActivationFncOutputLayer" alt="" coords="787,436,1165,463">
<area shape="rect" href="$classedu_1_1packt_1_1neuralnet_1_1_neural_net.html#61327e435c95e3c3de0bbf2f2f556392" title="edu.packt.neuralnet.NeuralNet.getInputLayer" alt="" coords="832,132,1120,159">
<area shape="rect" href="$classedu_1_1packt_1_1neuralnet_1_1_neural_net.html#7b73c95ca04f299357dc5ea32f72893d" title="edu.packt.neuralnet.NeuralNet.getListOfHiddenLayer" alt="" coords="808,487,1144,513">
<area shape="rect" href="$classedu_1_1packt_1_1neuralnet_1_1_layer.html#884240cc906fb8b36194cccf19c2b6bc" title="edu.packt.neuralnet.Layer.getListOfNeurons" alt="" coords="835,233,1117,260">
<area shape="rect" href="$classedu_1_1packt_1_1neuralnet_1_1_layer.html#897922d6c13d0079f6918338b1ed7147" title="edu.packt.neuralnet.Layer.getNumberOfNeuronsInLayer" alt="" coords="799,284,1153,311">
<area shape="rect" href="$classedu_1_1packt_1_1neuralnet_1_1_neural_net.html#242fb32fd1cfdf033445094116679d9a" title="edu.packt.neuralnet.NeuralNet.getOutputLayer" alt="" coords="827,335,1125,361">
<area shape="rect" href="$classedu_1_1packt_1_1neuralnet_1_1_layer.html#21227cb2127f63fd8a7ed9df8c452b8f" title="edu.packt.neuralnet.Layer.setListOfNeurons" alt="" coords="835,183,1117,209">
<area shape="rect" href="$classedu_1_1packt_1_1neuralnet_1_1learn_1_1_training.html#6945a19ff740099659c9e81e1255f749" title="edu.packt.neuralnet.learn.Training.derivativeFncHyperTan" alt="" coords="1215,5,1580,32">
<area shape="rect" href="$classedu_1_1packt_1_1neuralnet_1_1learn_1_1_training.html#5bd0c1ba948a3a82c530752305bab65c" title="edu.packt.neuralnet.learn.Training.derivativeFncLinear" alt="" coords="1225,56,1569,83">
<area shape="rect" href="$classedu_1_1packt_1_1neuralnet_1_1learn_1_1_training.html#b68e279289768f703ef8ac4ff6a18829" title="edu.packt.neuralnet.learn.Training.derivativeFncSigLog" alt="" coords="1223,107,1572,133">
<area shape="rect" href="$classedu_1_1packt_1_1neuralnet_1_1learn_1_1_training.html#fa2fcd32fa0b2fa3582ce21e5f0548b1" title="edu.packt.neuralnet.learn.Training.derivativeFncStep" alt="" coords="1231,157,1564,184">
<area shape="rect" href="$classedu_1_1packt_1_1neuralnet_1_1learn_1_1_training.html#16214b108139b3452c15a0c6695afcb7" title="edu.packt.neuralnet.learn.Training.activationFnc" alt="" coords="823,639,1129,665">
<area shape="rect" href="$classedu_1_1packt_1_1neuralnet_1_1_neuron.html#a7dbd13df945a1940769f9c8cd47fe80" title="edu.packt.neuralnet.Neuron.getListOfWeightIn" alt="" coords="828,740,1124,767">
<area shape="rect" href="$classedu_1_1packt_1_1neuralnet_1_1_neural_net.html#79fa7f9b399b5358a6c490fc1e9e5a9c" title="edu.packt.neuralnet.NeuralNet.getRealMatrixOutputSet" alt="" coords="801,791,1151,817">
<area shape="rect" href="$classedu_1_1packt_1_1neuralnet_1_1_neural_net.html#3e642d97304902c4e777d03d66074af5" title="edu.packt.neuralnet.NeuralNet.setErrorMean" alt="" coords="832,537,1120,564">
<area shape="rect" href="$classedu_1_1packt_1_1neuralnet_1_1_neuron.html#52e2674319fa5ac381a007d17853dddb" title="edu.packt.neuralnet.Neuron.setOutputValue" alt="" coords="835,588,1117,615">
<area shape="rect" href="$classedu_1_1packt_1_1neuralnet_1_1learn_1_1_training.html#a1e191cb5ca4c28728e50f3a82004c36" title="edu.packt.neuralnet.learn.Training.fncHyperTan" alt="" coords="1245,563,1549,589">
<area shape="rect" href="$classedu_1_1packt_1_1neuralnet_1_1learn_1_1_training.html#9496d7cd3c4c9098d6d636c5e657b12c" title="edu.packt.neuralnet.learn.Training.fncLinear" alt="" coords="1256,613,1539,640">
<area shape="rect" href="$classedu_1_1packt_1_1neuralnet_1_1learn_1_1_training.html#030c1ece3079d2691fe8b550ef789bcd" title="edu.packt.neuralnet.learn.Training.fncSigLog" alt="" coords="1253,664,1541,691">
<area shape="rect" href="$classedu_1_1packt_1_1neuralnet_1_1learn_1_1_training.html#3f840606d471f9c495ae317b43d2aa6c" title="edu.packt.neuralnet.learn.Training.fncStep" alt="" coords="1261,715,1533,741">
