<area shape="rect" href="$classedu_1_1packt_1_1neuralnet_1_1learn_1_1_backpropagation.html#98392299268e48c9d57cd8a0dcce0824" title="edu.packt.neuralnet.learn.Backpropagation.backpropagation" alt="" coords="341,107,720,133">
<area shape="rect" href="$classedu_1_1packt_1_1neuralnet_1_1som_1_1_kohonen.html#6415d36bba0f02933bf31b6c7a8b8cfc" title="edu.packt.neuralnet.som.Kohonen.calcEuclideanDistance" alt="" coords="349,5,712,32">
<area shape="rect" href="$classedu_1_1packt_1_1neuralnet_1_1som_1_1_kohonen.html#03c52691dc2a357f612be3f20bfd383d" title="edu.packt.neuralnet.som.Kohonen.fixWinnerWeights" alt="" coords="364,56,697,83">
<area shape="rect" href="$classedu_1_1packt_1_1neuralnet_1_1som_1_1_kohonen.html#031630a1fae98c0924059a7b190bb2be" title="edu.packt.neuralnet.som.Kohonen.initNet" alt="" coords="397,157,664,184">
<area shape="rect" href="$classedu_1_1packt_1_1neuralnet_1_1_neural_net.html#d8a8c2e14e0dca5720f083781cd65a75" title="edu.packt.neuralnet.NeuralNet.printNet" alt="" coords="1168,169,1421,196">
<area shape="rect" href="$classedu_1_1packt_1_1neuralnet_1_1learn_1_1_training.html#90656f54913d63b3bba8edeaa4b95757" title="edu.packt.neuralnet.learn.Training.printTrainedNetResult" alt="" coords="352,259,709,285">
<area shape="rect" href="$classedu_1_1packt_1_1neuralnet_1_1learn_1_1_training.html#7a5294957e77ea3df7d906c2e690de8c" title="edu.packt.neuralnet.learn.Training.teachNeuronsOfLayer" alt="" coords="352,309,709,336">
<area shape="rect" href="$classedu_1_1packt_1_1neuralnet_1_1learn_1_1_training.html#1d18c774a21a409420750021a6661cec" title="edu.packt.neuralnet.learn.Training.train" alt="" coords="809,335,1063,361">
<area shape="rect" href="$classedu_1_1packt_1_1neuralnet_1_1learn_1_1_backpropagation.html#6e80c193a016810e682ac21b413a2ea4" title="edu.packt.neuralnet.learn.Backpropagation.train" alt="" coords="783,107,1089,133">
<area shape="rect" href="$classedu_1_1packt_1_1neuralnet_1_1_neural_net.html#0fb68b5351c5a8be51f96c0197ab6651" title="edu.packt.neuralnet.NeuralNet.trainNet" alt="" coords="1168,81,1421,108">
<area shape="rect" href="$classedu_1_1packt_1_1neuralnet_1_1weather_1_1_weather.html#c89e26e1b946a1a81f00f8491d60e995" title="edu.packt.neuralnet.weather.Weather.main" alt="" coords="1501,120,1779,147">
<area shape="rect" href="$classedu_1_1packt_1_1neuralnet_1_1_neural_net_test.html#de053992d60ac8d0743510789d480f5b" title="edu.packt.neuralnet.NeuralNetTest.testKohonen" alt="" coords="1487,51,1793,77">
<area shape="rect" href="$classedu_1_1packt_1_1neuralnet_1_1_neural_net_test.html#8efe123a4bf586210d969569369b0dba" title="edu.packt.neuralnet.NeuralNetTest.main" alt="" coords="1843,51,2104,77">
<area shape="rect" href="$classedu_1_1packt_1_1neuralnet_1_1som_1_1_kohonen.html#f264dde9528f1778b220867363c80015" title="edu.packt.neuralnet.som.Kohonen.netValidation" alt="" coords="783,5,1089,32">
<area shape="rect" href="$classedu_1_1packt_1_1neuralnet_1_1som_1_1_kohonen.html#be84746fa2c87ad362c4232c6b700930" title="edu.packt.neuralnet.som.Kohonen.train" alt="" coords="809,56,1063,83">
<area shape="rect" href="$classedu_1_1packt_1_1neuralnet_1_1_neural_net.html#58dc5996f68b42708d8b991eae4cfdae" title="edu.packt.neuralnet.NeuralNet.netValidation" alt="" coords="1153,19,1436,45">
<area shape="rect" href="$classedu_1_1packt_1_1neuralnet_1_1_neural_net.html#a8eeacb9e33fb2ad7afa7255afac5f8a" title="edu.packt.neuralnet.NeuralNet.printTrainedNetResult" alt="" coords="768,259,1104,285">
