<area shape="rect" href="$classedu_1_1packt_1_1neuralnet_1_1som_1_1_kohonen.html#6415d36bba0f02933bf31b6c7a8b8cfc" title="edu.packt.neuralnet.som.Kohonen.calcEuclideanDistance" alt="" coords="309,211,672,237">
<area shape="rect" href="$classedu_1_1packt_1_1neuralnet_1_1som_1_1_kohonen.html#03c52691dc2a357f612be3f20bfd383d" title="edu.packt.neuralnet.som.Kohonen.fixWinnerWeights" alt="" coords="324,337,657,364">
<area shape="rect" href="$classedu_1_1packt_1_1neuralnet_1_1_neural_net.html#c2e7c33dcd99679a76e6b405d93d7f5b" title="edu.packt.neuralnet.NeuralNet.getTrainSet" alt="" coords="781,413,1056,440">
<area shape="rect" href="$classedu_1_1packt_1_1neuralnet_1_1_neural_net.html#f14057f123727ff718a5403015e4e647" title="edu.packt.neuralnet.NeuralNet.getMaxEpochs" alt="" coords="344,717,637,744">
<area shape="rect" href="$classedu_1_1packt_1_1neuralnet_1_1_neural_net.html#a391d187fbca78fa9fac6eb08a9dbede" title="edu.packt.neuralnet.NeuralNet.initNet" alt="" coords="369,667,612,693">
<area shape="rect" href="$classedu_1_1packt_1_1neuralnet_1_1_neural_net.html#61327e435c95e3c3de0bbf2f2f556392" title="edu.packt.neuralnet.NeuralNet.getInputLayer" alt="" coords="775,211,1063,237">
<area shape="rect" href="$classedu_1_1packt_1_1neuralnet_1_1_layer.html#884240cc906fb8b36194cccf19c2b6bc" title="edu.packt.neuralnet.Layer.getListOfNeurons" alt="" coords="777,261,1060,288">
<area shape="rect" href="$classedu_1_1packt_1_1neuralnet_1_1_layer.html#897922d6c13d0079f6918338b1ed7147" title="edu.packt.neuralnet.Layer.getNumberOfNeuronsInLayer" alt="" coords="1165,869,1520,896">
<area shape="rect" href="$classedu_1_1packt_1_1neuralnet_1_1_neural_net.html#242fb32fd1cfdf033445094116679d9a" title="edu.packt.neuralnet.NeuralNet.getOutputLayer" alt="" coords="769,160,1068,187">
<area shape="rect" href="$classedu_1_1packt_1_1neuralnet_1_1_neural_net.html#107c193fc9a6af728cc511406ee89c35" title="edu.packt.neuralnet.NeuralNet.getLearningRate" alt="" coords="767,363,1071,389">
<area shape="rect" href="$classedu_1_1packt_1_1neuralnet_1_1_output_layer.html#ee350d0014be1cfbd3e8de279142becc" title="edu.packt.neuralnet.OutputLayer.initLayer" alt="" coords="784,920,1053,947">
<area shape="rect" href="$classedu_1_1packt_1_1neuralnet_1_1_hidden_layer.html#75811af83413fa7fc0c71d5eaa488ad1" title="edu.packt.neuralnet.HiddenLayer.initLayer" alt="" coords="783,869,1055,896">
<area shape="rect" href="$classedu_1_1packt_1_1neuralnet_1_1_input_layer.html#183330370b7cc424aef8604c00b338f7" title="edu.packt.neuralnet.InputLayer.initLayer" alt="" coords="789,971,1048,997">
<area shape="rect" href="$classedu_1_1packt_1_1neuralnet_1_1_neural_net.html#780816351285521bf51d63080d243c01" title="edu.packt.neuralnet.NeuralNet.setHiddenLayer" alt="" coords="769,464,1068,491">
<area shape="rect" href="$classedu_1_1packt_1_1neuralnet_1_1_neural_net.html#24cfee30d0351c5d58aa34b7d2071d1e" title="edu.packt.neuralnet.NeuralNet.setInputLayer" alt="" coords="775,515,1063,541">
<area shape="rect" href="$classedu_1_1packt_1_1neuralnet_1_1_neural_net.html#67782e73b6b32e2cf17341c1f326624c" title="edu.packt.neuralnet.NeuralNet.setListOfHiddenLayer" alt="" coords="752,565,1085,592">
<area shape="rect" href="$classedu_1_1packt_1_1neuralnet_1_1_neural_net.html#770366f71716a4fd81f7743281b3a036" title="edu.packt.neuralnet.NeuralNet.setNumberOfHiddenLayers" alt="" coords="735,616,1103,643">
<area shape="rect" href="$classedu_1_1packt_1_1neuralnet_1_1_layer.html#98869674f0859a4ed7978f5dcd964cfc" title="edu.packt.neuralnet.Layer.setNumberOfNeuronsInLayer" alt="" coords="741,667,1096,693">
<area shape="rect" href="$classedu_1_1packt_1_1neuralnet_1_1_hidden_layer.html#5a73556371b65931dceba233a25a79d0" title="edu.packt.neuralnet.HiddenLayer.setNumberOfNeuronsInLayer" alt="" coords="721,717,1116,744">
<area shape="rect" href="$classedu_1_1packt_1_1neuralnet_1_1_input_layer.html#e23766eccd21e834320faa75bf8875fd" title="edu.packt.neuralnet.InputLayer.setNumberOfNeuronsInLayer" alt="" coords="727,768,1111,795">
<area shape="rect" href="$classedu_1_1packt_1_1neuralnet_1_1_neural_net.html#f1c1aa92631538b5eae425583f4cc53c" title="edu.packt.neuralnet.NeuralNet.setOutputLayer" alt="" coords="769,819,1068,845">
<area shape="rect" href="$classedu_1_1packt_1_1neuralnet_1_1_layer.html#21227cb2127f63fd8a7ed9df8c452b8f" title="edu.packt.neuralnet.Layer.setListOfNeurons" alt="" coords="1201,945,1484,972">
