<area shape="rect" href="$classedu_1_1packt_1_1neuralnet_1_1util_1_1_matrix.html#f33c801bd0a4900e67b5dd02a238707d" title="edu.packt.neuralnet.util.Matrix.coFactors" alt="" coords="1777,252,2039,279">
<area shape="rect" href="$classedu_1_1packt_1_1neuralnet_1_1util_1_1_matrix.html#361ed450349dd9ae5deda4f2f94540ba" title="edu.packt.neuralnet.util.Matrix.determinant" alt="" coords="741,429,1016,456">
<area shape="rect" href="$classedu_1_1packt_1_1neuralnet_1_1util_1_1_matrix.html#a7136e573781b32bdc8c4d4fa5a19f69" title="edu.packt.neuralnet.util.Matrix.LUdecomposition" alt="" coords="1755,657,2061,684">
<area shape="rect" href="$classedu_1_1packt_1_1neuralnet_1_1util_1_1_matrix.html#73fb6ed002df564c4e36d94e3e549464" title="edu.packt.neuralnet.util.Matrix.Matrix" alt="" coords="1437,708,1677,735">
<area shape="rect" href="$classedu_1_1packt_1_1neuralnet_1_1util_1_1_matrix.html#161db5e7d94bc764430abc7c6fd18b2a" title="edu.packt.neuralnet.util.Matrix.multiply" alt="" coords="1433,353,1681,380">
<area shape="rect" href="$classedu_1_1packt_1_1neuralnet_1_1util_1_1_matrix.html#8a06686e95a23978bf3d35fd040de99c" title="edu.packt.neuralnet.util.Matrix.setOnes" alt="" coords="1431,759,1684,785">
<area shape="rect" href="$classedu_1_1packt_1_1neuralnet_1_1util_1_1_matrix.html#6032f8217c058cf374a7078a5efe4a81" title="edu.packt.neuralnet.util.Matrix.setZeros" alt="" coords="1429,657,1685,684">
<area shape="rect" href="$classedu_1_1packt_1_1neuralnet_1_1util_1_1_matrix.html#9293ebbe20a17c5fba0a143084b0b41a" title="edu.packt.neuralnet.util.Matrix.subMatrix" alt="" coords="1427,201,1688,228">
<area shape="rect" href="$classedu_1_1packt_1_1neuralnet_1_1util_1_1_matrix.html#099ed05386817202b2c18c20b26ebcfd" title="edu.packt.neuralnet.util.Matrix.subtract" alt="" coords="1432,809,1683,836">
<area shape="rect" href="$classedu_1_1packt_1_1neuralnet_1_1util_1_1_matrix.html#554f17343858aad26f583ef4d2cc0f42" title="edu.packt.neuralnet.util.Matrix.sumRowByRow" alt="" coords="1408,911,1707,937">
<area shape="rect" href="$classedu_1_1packt_1_1neuralnet_1_1util_1_1_matrix.html#510bbe9cf02aed8539388d1daed3d0bf" title="edu.packt.neuralnet.util.Matrix.multiplyDiagonal" alt="" coords="392,480,693,507">
<area shape="rect" href="$classedu_1_1packt_1_1neuralnet_1_1util_1_1_matrix.html#59053bc102caae75d7a92737c19e600e" title="edu.packt.neuralnet.util.Matrix.transpose" alt="" coords="412,961,673,988">
<area shape="rect" href="$classedu_1_1packt_1_1neuralnet_1_1util_1_1_matrix.html#f6d86b9d6b3f13eafe8f1a3453e48975" title="edu.packt.neuralnet.util.Matrix.inverse" alt="" coords="2111,379,2356,405">
<area shape="rect" href="$classedu_1_1packt_1_1neuralnet_1_1util_1_1_matrix.html#8f80de29afebb9e746b6206bc0ce3b57" title="edu.packt.neuralnet.util.Matrix.getDeterminant" alt="" coords="1064,151,1360,177">
<area shape="rect" href="$classedu_1_1packt_1_1neuralnet_1_1util_1_1_matrix.html#66cee07984c0922df3afb4c62946f6f8" title="edu.packt.neuralnet.util.Matrix.setDeterminant" alt="" coords="1065,303,1359,329">
<area shape="rect" href="$classedu_1_1packt_1_1neuralnet_1_1util_1_1_matrix.html#964cb7a86469aa16e0f5185f8fcd1475" title="edu.packt.neuralnet.util.Matrix.setValue" alt="" coords="1084,581,1340,608">
<area shape="rect" href="$classedu_1_1packt_1_1neuralnet_1_1util_1_1_matrix.html#bd46b52f17c098d8b7aa05434ce27b02" title="edu.packt.neuralnet.util.Matrix.determinant" alt="" coords="1420,100,1695,127">
<area shape="rect" href="$classedu_1_1packt_1_1neuralnet_1_1util_1_1_matrix.html#a3e4cc772f64c99a41196f637cf442eb" title="edu.packt.neuralnet.util.Matrix.inverse" alt="" coords="1435,151,1680,177">
<area shape="rect" href="$classedu_1_1packt_1_1neuralnet_1_1util_1_1_matrix.html#5edfe85e846b30393fa072773f1a835a" title="edu.packt.neuralnet.util.Matrix.add" alt="" coords="1444,556,1671,583">
<area shape="rect" href="$classedu_1_1packt_1_1neuralnet_1_1util_1_1_matrix.html#949b0617436f0e8314047b6f1c56a7a9" title="edu.packt.neuralnet.util.Matrix.transpose" alt="" coords="1777,480,2039,507">
<area shape="rect" href="$classedu_1_1packt_1_1neuralnet_1_1util_1_1_matrix.html#e980017837d1e4cb8bb39de95a61d2a4" title="edu.packt.neuralnet.util.Matrix.multiplyRow" alt="" coords="1771,911,2045,937">
