<area shape="rect" href="$classedu_1_1packt_1_1neuralnet_1_1util_1_1_matrix.html#361ed450349dd9ae5deda4f2f94540ba" title="edu.packt.neuralnet.util.Matrix.determinant" alt="" coords="309,245,584,272">
<area shape="rect" href="$classedu_1_1packt_1_1neuralnet_1_1util_1_1_matrix.html#5d27282250509764a0a1367df558b5ef" title="edu.packt.neuralnet.util.Matrix.getNumberOfColumns" alt="" coords="1337,245,1673,272">
<area shape="rect" href="$classedu_1_1packt_1_1neuralnet_1_1util_1_1_matrix.html#ac6583c30d5eb5424e9697ae8fc9045f" title="edu.packt.neuralnet.util.Matrix.getNumberOfRows" alt="" coords="1347,68,1664,95">
<area shape="rect" href="$classedu_1_1packt_1_1neuralnet_1_1util_1_1_matrix.html#a7136e573781b32bdc8c4d4fa5a19f69" title="edu.packt.neuralnet.util.Matrix.LUdecomposition" alt="" coords="632,195,939,221">
<area shape="rect" href="$classedu_1_1packt_1_1neuralnet_1_1util_1_1_matrix.html#510bbe9cf02aed8539388d1daed3d0bf" title="edu.packt.neuralnet.util.Matrix.multiplyDiagonal" alt="" coords="987,397,1288,424">
<area shape="rect" href="$classedu_1_1packt_1_1neuralnet_1_1util_1_1_matrix.html#8710f51c2b7664465a7703e9ab485dbe" title="edu.packt.neuralnet.util.Matrix.getValue" alt="" coords="1377,347,1633,373">
<area shape="rect" href="$classedu_1_1packt_1_1neuralnet_1_1util_1_1_matrix.html#21b037d5156b40c898d810198749b242" title="edu.packt.neuralnet.util.Matrix.Matrix" alt="" coords="1017,144,1257,171">
<area shape="rect" href="$classedu_1_1packt_1_1neuralnet_1_1util_1_1_matrix.html#6032f8217c058cf374a7078a5efe4a81" title="edu.packt.neuralnet.util.Matrix.setZeros" alt="" coords="1009,43,1265,69">
<area shape="rect" href="$classedu_1_1packt_1_1neuralnet_1_1util_1_1_matrix.html#554f17343858aad26f583ef4d2cc0f42" title="edu.packt.neuralnet.util.Matrix.sumRowByRow" alt="" coords="988,296,1287,323">
