<area shape="rect" href="$classedu_1_1packt_1_1neuralnet_1_1_neural_net_test.html#de053992d60ac8d0743510789d480f5b" title="edu.packt.neuralnet.NeuralNetTest.testKohonen" alt="" coords="316,715,623,741">
<area shape="rect" href="$classedu_1_1packt_1_1neuralnet_1_1_neural_net.html#a391d187fbca78fa9fac6eb08a9dbede" title="edu.packt.neuralnet.NeuralNet.initNet" alt="" coords="1447,309,1689,336">
<area shape="rect" href="$classedu_1_1packt_1_1neuralnet_1_1_neural_net.html#58dc5996f68b42708d8b991eae4cfdae" title="edu.packt.neuralnet.NeuralNet.netValidation" alt="" coords="683,563,965,589">
<area shape="rect" href="$classedu_1_1packt_1_1neuralnet_1_1_neural_net.html#07c09b1cded532abff86d9ab9a4f1800" title="edu.packt.neuralnet.NeuralNet.setLearningRate" alt="" coords="672,689,976,716">
<area shape="rect" href="$classedu_1_1packt_1_1neuralnet_1_1_neural_net.html#460e07bbcd7a383b25dcdd17515edfb7" title="edu.packt.neuralnet.NeuralNet.setMaxEpochs" alt="" coords="677,740,971,767">
<area shape="rect" href="$classedu_1_1packt_1_1neuralnet_1_1_neural_net.html#cfabb83136c77f550a8151c973b32efd" title="edu.packt.neuralnet.NeuralNet.setTrainSet" alt="" coords="687,791,961,817">
<area shape="rect" href="$classedu_1_1packt_1_1neuralnet_1_1_neural_net.html#c499625ada286215d3b5a7441ec15439" title="edu.packt.neuralnet.NeuralNet.setTrainType" alt="" coords="681,841,967,868">
<area shape="rect" href="$classedu_1_1packt_1_1neuralnet_1_1_neural_net.html#57b2828d7b4a77eafd7882057522cde0" title="edu.packt.neuralnet.NeuralNet.setValidationSet" alt="" coords="673,892,975,919">
<area shape="rect" href="$classedu_1_1packt_1_1neuralnet_1_1_neural_net.html#0fb68b5351c5a8be51f96c0197ab6651" title="edu.packt.neuralnet.NeuralNet.trainNet" alt="" coords="697,639,951,665">
<area shape="rect" href="$classedu_1_1packt_1_1neuralnet_1_1_output_layer.html#ee350d0014be1cfbd3e8de279142becc" title="edu.packt.neuralnet.OutputLayer.initLayer" alt="" coords="1869,157,2139,184">
<area shape="rect" href="$classedu_1_1packt_1_1neuralnet_1_1_hidden_layer.html#75811af83413fa7fc0c71d5eaa488ad1" title="edu.packt.neuralnet.HiddenLayer.initLayer" alt="" coords="1868,512,2140,539">
<area shape="rect" href="$classedu_1_1packt_1_1neuralnet_1_1_input_layer.html#183330370b7cc424aef8604c00b338f7" title="edu.packt.neuralnet.InputLayer.initLayer" alt="" coords="1875,107,2133,133">
<area shape="rect" href="$classedu_1_1packt_1_1neuralnet_1_1_neural_net.html#780816351285521bf51d63080d243c01" title="edu.packt.neuralnet.NeuralNet.setHiddenLayer" alt="" coords="1855,208,2153,235">
<area shape="rect" href="$classedu_1_1packt_1_1neuralnet_1_1_neural_net.html#24cfee30d0351c5d58aa34b7d2071d1e" title="edu.packt.neuralnet.NeuralNet.setInputLayer" alt="" coords="1860,259,2148,285">
<area shape="rect" href="$classedu_1_1packt_1_1neuralnet_1_1_neural_net.html#67782e73b6b32e2cf17341c1f326624c" title="edu.packt.neuralnet.NeuralNet.setListOfHiddenLayer" alt="" coords="1837,309,2171,336">
<area shape="rect" href="$classedu_1_1packt_1_1neuralnet_1_1_neural_net.html#770366f71716a4fd81f7743281b3a036" title="edu.packt.neuralnet.NeuralNet.setNumberOfHiddenLayers" alt="" coords="1820,360,2188,387">
<area shape="rect" href="$classedu_1_1packt_1_1neuralnet_1_1_layer.html#98869674f0859a4ed7978f5dcd964cfc" title="edu.packt.neuralnet.Layer.setNumberOfNeuronsInLayer" alt="" coords="1827,411,2181,437">
<area shape="rect" href="$classedu_1_1packt_1_1neuralnet_1_1_hidden_layer.html#5a73556371b65931dceba233a25a79d0" title="edu.packt.neuralnet.HiddenLayer.setNumberOfNeuronsInLayer" alt="" coords="1807,461,2201,488">
<area shape="rect" href="$classedu_1_1packt_1_1neuralnet_1_1_input_layer.html#e23766eccd21e834320faa75bf8875fd" title="edu.packt.neuralnet.InputLayer.setNumberOfNeuronsInLayer" alt="" coords="1812,5,2196,32">
<area shape="rect" href="$classedu_1_1packt_1_1neuralnet_1_1_neural_net.html#f1c1aa92631538b5eae425583f4cc53c" title="edu.packt.neuralnet.NeuralNet.setOutputLayer" alt="" coords="1855,56,2153,83">
<area shape="rect" href="$classedu_1_1packt_1_1neuralnet_1_1_layer.html#897922d6c13d0079f6918338b1ed7147" title="edu.packt.neuralnet.Layer.getNumberOfNeuronsInLayer" alt="" coords="2251,613,2605,640">
<area shape="rect" href="$classedu_1_1packt_1_1neuralnet_1_1_layer.html#21227cb2127f63fd8a7ed9df8c452b8f" title="edu.packt.neuralnet.Layer.setListOfNeurons" alt="" coords="2287,157,2569,184">
<area shape="rect" href="$classedu_1_1packt_1_1neuralnet_1_1som_1_1_kohonen.html#f264dde9528f1778b220867363c80015" title="edu.packt.neuralnet.som.Kohonen.netValidation" alt="" coords="1024,563,1331,589">
<area shape="rect" href="$classedu_1_1packt_1_1neuralnet_1_1som_1_1_kohonen.html#6415d36bba0f02933bf31b6c7a8b8cfc" title="edu.packt.neuralnet.som.Kohonen.calcEuclideanDistance" alt="" coords="1387,664,1749,691">
<area shape="rect" href="$classedu_1_1packt_1_1neuralnet_1_1_neural_net.html#35b0661fea2763a1c97103ddd7e9fcb3" title="edu.packt.neuralnet.NeuralNet.getValidationSet" alt="" coords="1416,563,1720,589">
<area shape="rect" href="$classedu_1_1packt_1_1neuralnet_1_1_neural_net.html#61327e435c95e3c3de0bbf2f2f556392" title="edu.packt.neuralnet.NeuralNet.getInputLayer" alt="" coords="1860,664,2148,691">
<area shape="rect" href="$classedu_1_1packt_1_1neuralnet_1_1_layer.html#884240cc906fb8b36194cccf19c2b6bc" title="edu.packt.neuralnet.Layer.getListOfNeurons" alt="" coords="1863,765,2145,792">
<area shape="rect" href="$classedu_1_1packt_1_1neuralnet_1_1_neural_net.html#242fb32fd1cfdf033445094116679d9a" title="edu.packt.neuralnet.NeuralNet.getOutputLayer" alt="" coords="1855,867,2153,893">
<area shape="rect" href="$classedu_1_1packt_1_1neuralnet_1_1som_1_1_kohonen.html#be84746fa2c87ad362c4232c6b700930" title="edu.packt.neuralnet.som.Kohonen.train" alt="" coords="1051,664,1304,691">
<area shape="rect" href="$classedu_1_1packt_1_1neuralnet_1_1learn_1_1_backpropagation.html#6e80c193a016810e682ac21b413a2ea4" title="edu.packt.neuralnet.learn.Backpropagation.train" alt="" coords="1024,943,1331,969">
<area shape="rect" href="$classedu_1_1packt_1_1neuralnet_1_1learn_1_1_adaline.html#f398ad45e799b7e57b3c2f60e2526a55" title="edu.packt.neuralnet.learn.Adaline.train" alt="" coords="1052,613,1303,640">
<area shape="rect" href="$classedu_1_1packt_1_1neuralnet_1_1learn_1_1_perceptron.html#1ae0dba3298a93d7ad2ab02935513f44" title="edu.packt.neuralnet.learn.Perceptron.train" alt="" coords="1041,715,1313,741">
<area shape="rect" href="$classedu_1_1packt_1_1neuralnet_1_1som_1_1_kohonen.html#03c52691dc2a357f612be3f20bfd383d" title="edu.packt.neuralnet.som.Kohonen.fixWinnerWeights" alt="" coords="1401,613,1735,640">
<area shape="rect" href="$classedu_1_1packt_1_1neuralnet_1_1_neural_net.html#c2e7c33dcd99679a76e6b405d93d7f5b" title="edu.packt.neuralnet.NeuralNet.getTrainSet" alt="" coords="1867,816,2141,843">
<area shape="rect" href="$classedu_1_1packt_1_1neuralnet_1_1_neural_net.html#f14057f123727ff718a5403015e4e647" title="edu.packt.neuralnet.NeuralNet.getMaxEpochs" alt="" coords="1421,765,1715,792">
<area shape="rect" href="$classedu_1_1packt_1_1neuralnet_1_1_neural_net.html#107c193fc9a6af728cc511406ee89c35" title="edu.packt.neuralnet.NeuralNet.getLearningRate" alt="" coords="1852,563,2156,589">
<area shape="rect" href="$classedu_1_1packt_1_1neuralnet_1_1learn_1_1_backpropagation.html#98392299268e48c9d57cd8a0dcce0824" title="edu.packt.neuralnet.learn.Backpropagation.backpropagation" alt="" coords="1379,1069,1757,1096">
<area shape="rect" href="$classedu_1_1packt_1_1neuralnet_1_1learn_1_1_backpropagation.html#bf900f3a44652640f21f048704ccaffd" title="edu.packt.neuralnet.learn.Backpropagation.forward" alt="" coords="1407,1120,1729,1147">
<area shape="rect" href="$classedu_1_1packt_1_1neuralnet_1_1_neural_net.html#06b04584eccf0496d268a34cfb062a34" title="edu.packt.neuralnet.NeuralNet.getErrorMean" alt="" coords="1424,1171,1712,1197">
<area shape="rect" href="$classedu_1_1packt_1_1neuralnet_1_1_neural_net.html#42d6e1250122830856d89a3686b3a796" title="edu.packt.neuralnet.NeuralNet.getListOfMSE" alt="" coords="1424,968,1712,995">
<area shape="rect" href="$classedu_1_1packt_1_1neuralnet_1_1learn_1_1_training.html#b5cf1337fba9c089662d99fae5977c8c" title="edu.packt.neuralnet.learn.Training.getMse" alt="" coords="1432,867,1704,893">
<area shape="rect" href="$classedu_1_1packt_1_1neuralnet_1_1_neural_net.html#2f63bc17bf5a76266ab3a09660a96e5f" title="edu.packt.neuralnet.NeuralNet.getTargetError" alt="" coords="1421,917,1715,944">
<area shape="rect" href="$classedu_1_1packt_1_1neuralnet_1_1learn_1_1_training.html#8d24c85a9586aad2cf00a305e04d39b8" title="edu.packt.neuralnet.learn.Training.setMse" alt="" coords="1432,1019,1704,1045">
<area shape="rect" href="$classedu_1_1packt_1_1neuralnet_1_1learn_1_1_training.html#0e7eb2e324e36d3b5e740675f10bdda8" title="edu.packt.neuralnet.learn.Training.derivativeActivationFnc" alt="" coords="1821,968,2187,995">
<area shape="rect" href="$classedu_1_1packt_1_1neuralnet_1_1_neural_net.html#20ef5ea336c7d1730b65c4026d6fd285" title="edu.packt.neuralnet.NeuralNet.getActivationFnc" alt="" coords="1852,1120,2156,1147">
<area shape="rect" href="$classedu_1_1packt_1_1neuralnet_1_1_neural_net.html#0d441aaaf3fc0902c508a255db617050" title="edu.packt.neuralnet.NeuralNet.getActivationFncOutputLayer" alt="" coords="1815,1171,2193,1197">
<area shape="rect" href="$classedu_1_1packt_1_1neuralnet_1_1_neural_net.html#7b73c95ca04f299357dc5ea32f72893d" title="edu.packt.neuralnet.NeuralNet.getListOfHiddenLayer" alt="" coords="1836,1069,2172,1096">
<area shape="rect" href="$classedu_1_1packt_1_1neuralnet_1_1learn_1_1_training.html#16214b108139b3452c15a0c6695afcb7" title="edu.packt.neuralnet.learn.Training.activationFnc" alt="" coords="1851,1272,2157,1299">
<area shape="rect" href="$classedu_1_1packt_1_1neuralnet_1_1_neuron.html#a7dbd13df945a1940769f9c8cd47fe80" title="edu.packt.neuralnet.Neuron.getListOfWeightIn" alt="" coords="1856,1323,2152,1349">
