<area shape="rect" href="$classedu_1_1packt_1_1neuralnet_1_1util_1_1_data.html#d268fbeb64a011611913cf254e781594" title="edu.packt.neuralnet.util.Data.denormalize" alt="" coords="316,5,583,32">
<area shape="rect" href="$classedu_1_1packt_1_1neuralnet_1_1util_1_1_data.html#c0d69fe25790d44aaf0060ee3ef7dabb" title="edu.packt.neuralnet.util.Data.normalize" alt="" coords="323,56,576,83">
<area shape="rect" href="$classedu_1_1packt_1_1neuralnet_1_1util_1_1_data.html#ebb407ed27bd67537ca7f779c1cb3e8c" title="edu.packt.neuralnet.util.Data.rawData2Matrix" alt="" coords="305,107,593,133">
<area shape="rect" href="$classedu_1_1packt_1_1neuralnet_1_1util_1_1_data.html#7e59a827e3b233384581fb025f5678ef" title="edu.packt.neuralnet.util.Data.setFileName" alt="" coords="315,157,584,184">
<area shape="rect" href="$classedu_1_1packt_1_1neuralnet_1_1util_1_1_data.html#a996bdaf5cac461682bbaf265d7dcb37" title="edu.packt.neuralnet.util.Data.setPath" alt="" coords="329,208,569,235">
<area shape="rect" href="$classedu_1_1packt_1_1neuralnet_1_1util_1_1_data.html#5d666b85dcfedc7fd1cf5bc69316f1ec" title="edu.packt.neuralnet.util.Data.defineAbsoluteFilePath" alt="" coords="643,107,976,133">
