<area shape="rect" href="$classedu_1_1packt_1_1neuralnet_1_1som_1_1_kohonen.html#f264dde9528f1778b220867363c80015" title="edu.packt.neuralnet.som.Kohonen.netValidation" alt="" coords="339,107,645,133">
<area shape="rect" href="$classedu_1_1packt_1_1neuralnet_1_1som_1_1_kohonen.html#6415d36bba0f02933bf31b6c7a8b8cfc" title="edu.packt.neuralnet.som.Kohonen.calcEuclideanDistance" alt="" coords="693,81,1056,108">
<area shape="rect" href="$classedu_1_1packt_1_1neuralnet_1_1_neural_net.html#35b0661fea2763a1c97103ddd7e9fcb3" title="edu.packt.neuralnet.NeuralNet.getValidationSet" alt="" coords="723,132,1027,159">
<area shape="rect" href="$classedu_1_1packt_1_1neuralnet_1_1_neural_net.html#61327e435c95e3c3de0bbf2f2f556392" title="edu.packt.neuralnet.NeuralNet.getInputLayer" alt="" coords="1137,5,1425,32">
<area shape="rect" href="$classedu_1_1packt_1_1neuralnet_1_1_layer.html#884240cc906fb8b36194cccf19c2b6bc" title="edu.packt.neuralnet.Layer.getListOfNeurons" alt="" coords="1140,56,1423,83">
<area shape="rect" href="$classedu_1_1packt_1_1neuralnet_1_1_layer.html#897922d6c13d0079f6918338b1ed7147" title="edu.packt.neuralnet.Layer.getNumberOfNeuronsInLayer" alt="" coords="1104,107,1459,133">
<area shape="rect" href="$classedu_1_1packt_1_1neuralnet_1_1_neural_net.html#242fb32fd1cfdf033445094116679d9a" title="edu.packt.neuralnet.NeuralNet.getOutputLayer" alt="" coords="1132,157,1431,184">
