<area shape="rect" href="$classedu_1_1packt_1_1neuralnet_1_1learn_1_1_training.html#90656f54913d63b3bba8edeaa4b95757" title="edu.packt.neuralnet.learn.Training.printTrainedNetResult" alt="" coords="389,107,747,133">
<area shape="rect" href="$classedu_1_1packt_1_1neuralnet_1_1_neural_net.html#20ef5ea336c7d1730b65c4026d6fd285" title="edu.packt.neuralnet.NeuralNet.getActivationFnc" alt="" coords="817,5,1121,32">
<area shape="rect" href="$classedu_1_1packt_1_1neuralnet_1_1_neural_net.html#61327e435c95e3c3de0bbf2f2f556392" title="edu.packt.neuralnet.NeuralNet.getInputLayer" alt="" coords="825,56,1113,83">
<area shape="rect" href="$classedu_1_1packt_1_1neuralnet_1_1_layer.html#884240cc906fb8b36194cccf19c2b6bc" title="edu.packt.neuralnet.Layer.getListOfNeurons" alt="" coords="828,107,1111,133">
<area shape="rect" href="$classedu_1_1packt_1_1neuralnet_1_1_neural_net.html#79fa7f9b399b5358a6c490fc1e9e5a9c" title="edu.packt.neuralnet.NeuralNet.getRealMatrixOutputSet" alt="" coords="795,157,1144,184">
<area shape="rect" href="$classedu_1_1packt_1_1neuralnet_1_1_neural_net.html#c2e7c33dcd99679a76e6b405d93d7f5b" title="edu.packt.neuralnet.NeuralNet.getTrainSet" alt="" coords="832,208,1107,235">
