<area shape="rect" href="$classedu_1_1packt_1_1neuralnet_1_1util_1_1_matrix.html#361ed450349dd9ae5deda4f2f94540ba" title="edu.packt.neuralnet.util.Matrix.determinant" alt="" coords="360,183,635,209">
<area shape="rect" href="$classedu_1_1packt_1_1neuralnet_1_1util_1_1_matrix.html#f33c801bd0a4900e67b5dd02a238707d" title="edu.packt.neuralnet.util.Matrix.coFactors" alt="" coords="1381,284,1643,311">
<area shape="rect" href="$classedu_1_1packt_1_1neuralnet_1_1util_1_1_matrix.html#f6d86b9d6b3f13eafe8f1a3453e48975" title="edu.packt.neuralnet.util.Matrix.inverse" alt="" coords="1700,329,1945,356">
<area shape="rect" href="$classedu_1_1packt_1_1neuralnet_1_1util_1_1_matrix.html#8f80de29afebb9e746b6206bc0ce3b57" title="edu.packt.neuralnet.util.Matrix.getDeterminant" alt="" coords="683,56,979,83">
<area shape="rect" href="$classedu_1_1packt_1_1neuralnet_1_1util_1_1_matrix.html#66cee07984c0922df3afb4c62946f6f8" title="edu.packt.neuralnet.util.Matrix.setDeterminant" alt="" coords="684,208,977,235">
<area shape="rect" href="$classedu_1_1packt_1_1neuralnet_1_1util_1_1_matrix.html#964cb7a86469aa16e0f5185f8fcd1475" title="edu.packt.neuralnet.util.Matrix.setValue" alt="" coords="703,429,959,456">
<area shape="rect" href="$classedu_1_1packt_1_1neuralnet_1_1util_1_1_matrix.html#bd46b52f17c098d8b7aa05434ce27b02" title="edu.packt.neuralnet.util.Matrix.determinant" alt="" coords="1039,5,1313,32">
<area shape="rect" href="$classedu_1_1packt_1_1neuralnet_1_1util_1_1_matrix.html#a3e4cc772f64c99a41196f637cf442eb" title="edu.packt.neuralnet.util.Matrix.inverse" alt="" coords="1053,56,1299,83">
<area shape="rect" href="$classedu_1_1packt_1_1neuralnet_1_1util_1_1_matrix.html#5edfe85e846b30393fa072773f1a835a" title="edu.packt.neuralnet.util.Matrix.add" alt="" coords="1063,360,1289,387">
<area shape="rect" href="$classedu_1_1packt_1_1neuralnet_1_1util_1_1_matrix.html#73fb6ed002df564c4e36d94e3e549464" title="edu.packt.neuralnet.util.Matrix.Matrix" alt="" coords="1056,461,1296,488">
<area shape="rect" href="$classedu_1_1packt_1_1neuralnet_1_1util_1_1_matrix.html#161db5e7d94bc764430abc7c6fd18b2a" title="edu.packt.neuralnet.util.Matrix.multiply" alt="" coords="1388,373,1636,400">
<area shape="rect" href="$classedu_1_1packt_1_1neuralnet_1_1util_1_1_matrix.html#8a06686e95a23978bf3d35fd040de99c" title="edu.packt.neuralnet.util.Matrix.setOnes" alt="" coords="1049,563,1303,589">
<area shape="rect" href="$classedu_1_1packt_1_1neuralnet_1_1util_1_1_matrix.html#6032f8217c058cf374a7078a5efe4a81" title="edu.packt.neuralnet.util.Matrix.setZeros" alt="" coords="1048,613,1304,640">
<area shape="rect" href="$classedu_1_1packt_1_1neuralnet_1_1util_1_1_matrix.html#9293ebbe20a17c5fba0a143084b0b41a" title="edu.packt.neuralnet.util.Matrix.subMatrix" alt="" coords="1045,259,1307,285">
<area shape="rect" href="$classedu_1_1packt_1_1neuralnet_1_1util_1_1_matrix.html#099ed05386817202b2c18c20b26ebcfd" title="edu.packt.neuralnet.util.Matrix.subtract" alt="" coords="1051,208,1301,235">
<area shape="rect" href="$classedu_1_1packt_1_1neuralnet_1_1util_1_1_matrix.html#554f17343858aad26f583ef4d2cc0f42" title="edu.packt.neuralnet.util.Matrix.sumRowByRow" alt="" coords="1027,664,1325,691">
<area shape="rect" href="$classedu_1_1packt_1_1neuralnet_1_1util_1_1_matrix.html#949b0617436f0e8314047b6f1c56a7a9" title="edu.packt.neuralnet.util.Matrix.transpose" alt="" coords="1381,449,1643,476">
<area shape="rect" href="$classedu_1_1packt_1_1neuralnet_1_1util_1_1_matrix.html#e980017837d1e4cb8bb39de95a61d2a4" title="edu.packt.neuralnet.util.Matrix.multiplyRow" alt="" coords="1375,664,1649,691">
