<area shape="rect" href="$classedu_1_1packt_1_1neuralnet_1_1learn_1_1_training.html#0e7eb2e324e36d3b5e740675f10bdda8" title="edu.packt.neuralnet.learn.Training.derivativeActivationFnc" alt="" coords="373,81,739,108">
<area shape="rect" href="$classedu_1_1packt_1_1neuralnet_1_1_neural_net.html#20ef5ea336c7d1730b65c4026d6fd285" title="edu.packt.neuralnet.NeuralNet.getActivationFnc" alt="" coords="404,132,708,159">
<area shape="rect" href="$classedu_1_1packt_1_1neuralnet_1_1learn_1_1_training.html#6945a19ff740099659c9e81e1255f749" title="edu.packt.neuralnet.learn.Training.derivativeFncHyperTan" alt="" coords="788,5,1153,32">
<area shape="rect" href="$classedu_1_1packt_1_1neuralnet_1_1learn_1_1_training.html#5bd0c1ba948a3a82c530752305bab65c" title="edu.packt.neuralnet.learn.Training.derivativeFncLinear" alt="" coords="799,56,1143,83">
<area shape="rect" href="$classedu_1_1packt_1_1neuralnet_1_1learn_1_1_training.html#b68e279289768f703ef8ac4ff6a18829" title="edu.packt.neuralnet.learn.Training.derivativeFncSigLog" alt="" coords="796,107,1145,133">
<area shape="rect" href="$classedu_1_1packt_1_1neuralnet_1_1learn_1_1_training.html#fa2fcd32fa0b2fa3582ce21e5f0548b1" title="edu.packt.neuralnet.learn.Training.derivativeFncStep" alt="" coords="804,157,1137,184">
