<area shape="rect" href="$classedu_1_1packt_1_1neuralnet_1_1learn_1_1_backpropagation.html#98392299268e48c9d57cd8a0dcce0824" title="edu.packt.neuralnet.learn.Backpropagation.backpropagation" alt="" coords="408,265,787,292">
<area shape="rect" href="$classedu_1_1packt_1_1neuralnet_1_1som_1_1_kohonen.html#6415d36bba0f02933bf31b6c7a8b8cfc" title="edu.packt.neuralnet.som.Kohonen.calcEuclideanDistance" alt="" coords="835,12,1197,39">
<area shape="rect" href="$classedu_1_1packt_1_1neuralnet_1_1som_1_1_kohonen.html#03c52691dc2a357f612be3f20bfd383d" title="edu.packt.neuralnet.som.Kohonen.fixWinnerWeights" alt="" coords="849,63,1183,89">
<area shape="rect" href="$classedu_1_1packt_1_1neuralnet_1_1learn_1_1_backpropagation.html#bf900f3a44652640f21f048704ccaffd" title="edu.packt.neuralnet.learn.Backpropagation.forward" alt="" coords="436,316,759,343">
<area shape="rect" href="$classedu_1_1packt_1_1neuralnet_1_1_neural_net.html#82c9337c75bc84b8d1e84c4846a0b138" title="edu.packt.neuralnet.NeuralNet.getNetOutputValues" alt="" coords="853,316,1179,343">
<area shape="rect" href="$classedu_1_1packt_1_1neuralnet_1_1_output_layer.html#ee350d0014be1cfbd3e8de279142becc" title="edu.packt.neuralnet.OutputLayer.initLayer" alt="" coords="463,215,732,241">
<area shape="rect" href="$classedu_1_1packt_1_1neuralnet_1_1_input_layer.html#183330370b7cc424aef8604c00b338f7" title="edu.packt.neuralnet.InputLayer.initLayer" alt="" coords="468,113,727,140">
<area shape="rect" href="$classedu_1_1packt_1_1neuralnet_1_1_hidden_layer.html#75811af83413fa7fc0c71d5eaa488ad1" title="edu.packt.neuralnet.HiddenLayer.initLayer" alt="" coords="461,164,733,191">
<area shape="rect" href="$classedu_1_1packt_1_1neuralnet_1_1som_1_1_kohonen.html#031630a1fae98c0924059a7b190bb2be" title="edu.packt.neuralnet.som.Kohonen.initNet" alt="" coords="464,417,731,444">
<area shape="rect" href="$classedu_1_1packt_1_1neuralnet_1_1learn_1_1_backpropagation.html#6e80c193a016810e682ac21b413a2ea4" title="edu.packt.neuralnet.learn.Backpropagation.train" alt="" coords="863,265,1169,292">
<area shape="rect" href="$classedu_1_1packt_1_1neuralnet_1_1_neural_net.html#0fb68b5351c5a8be51f96c0197ab6651" title="edu.packt.neuralnet.NeuralNet.trainNet" alt="" coords="1616,164,1869,191">
<area shape="rect" href="$classedu_1_1packt_1_1neuralnet_1_1weather_1_1_weather.html#c89e26e1b946a1a81f00f8491d60e995" title="edu.packt.neuralnet.weather.Weather.main" alt="" coords="1949,215,2227,241">
<area shape="rect" href="$classedu_1_1packt_1_1neuralnet_1_1_neural_net_test.html#de053992d60ac8d0743510789d480f5b" title="edu.packt.neuralnet.NeuralNetTest.testKohonen" alt="" coords="1935,113,2241,140">
<area shape="rect" href="$classedu_1_1packt_1_1neuralnet_1_1_neural_net_test.html#8efe123a4bf586210d969569369b0dba" title="edu.packt.neuralnet.NeuralNetTest.main" alt="" coords="2291,113,2552,140">
<area shape="rect" href="$classedu_1_1packt_1_1neuralnet_1_1som_1_1_kohonen.html#f264dde9528f1778b220867363c80015" title="edu.packt.neuralnet.som.Kohonen.netValidation" alt="" coords="1245,12,1552,39">
<area shape="rect" href="$classedu_1_1packt_1_1neuralnet_1_1som_1_1_kohonen.html#be84746fa2c87ad362c4232c6b700930" title="edu.packt.neuralnet.som.Kohonen.train" alt="" coords="1272,63,1525,89">
<area shape="rect" href="$classedu_1_1packt_1_1neuralnet_1_1_neural_net.html#58dc5996f68b42708d8b991eae4cfdae" title="edu.packt.neuralnet.NeuralNet.netValidation" alt="" coords="1601,37,1884,64">
<area shape="rect" href="$classedu_1_1packt_1_1neuralnet_1_1_neural_net.html#a391d187fbca78fa9fac6eb08a9dbede" title="edu.packt.neuralnet.NeuralNet.initNet" alt="" coords="895,139,1137,165">
