<area shape="rect" href="$classedu_1_1packt_1_1neuralnet_1_1_output_layer.html#ee350d0014be1cfbd3e8de279142becc" title="edu.packt.neuralnet.OutputLayer.initLayer" alt="" coords="363,107,632,133">
<area shape="rect" href="$classedu_1_1packt_1_1neuralnet_1_1_hidden_layer.html#75811af83413fa7fc0c71d5eaa488ad1" title="edu.packt.neuralnet.HiddenLayer.initLayer" alt="" coords="361,5,633,32">
<area shape="rect" href="$classedu_1_1packt_1_1neuralnet_1_1_input_layer.html#183330370b7cc424aef8604c00b338f7" title="edu.packt.neuralnet.InputLayer.initLayer" alt="" coords="368,56,627,83">
<area shape="rect" href="$classedu_1_1packt_1_1neuralnet_1_1_neural_net.html#780816351285521bf51d63080d243c01" title="edu.packt.neuralnet.NeuralNet.setHiddenLayer" alt="" coords="348,157,647,184">
<area shape="rect" href="$classedu_1_1packt_1_1neuralnet_1_1_neural_net.html#24cfee30d0351c5d58aa34b7d2071d1e" title="edu.packt.neuralnet.NeuralNet.setInputLayer" alt="" coords="353,208,641,235">
<area shape="rect" href="$classedu_1_1packt_1_1neuralnet_1_1_neural_net.html#67782e73b6b32e2cf17341c1f326624c" title="edu.packt.neuralnet.NeuralNet.setListOfHiddenLayer" alt="" coords="331,259,664,285">
<area shape="rect" href="$classedu_1_1packt_1_1neuralnet_1_1_neural_net.html#770366f71716a4fd81f7743281b3a036" title="edu.packt.neuralnet.NeuralNet.setNumberOfHiddenLayers" alt="" coords="313,309,681,336">
<area shape="rect" href="$classedu_1_1packt_1_1neuralnet_1_1_layer.html#98869674f0859a4ed7978f5dcd964cfc" title="edu.packt.neuralnet.Layer.setNumberOfNeuronsInLayer" alt="" coords="320,360,675,387">
<area shape="rect" href="$classedu_1_1packt_1_1neuralnet_1_1_hidden_layer.html#5a73556371b65931dceba233a25a79d0" title="edu.packt.neuralnet.HiddenLayer.setNumberOfNeuronsInLayer" alt="" coords="300,411,695,437">
<area shape="rect" href="$classedu_1_1packt_1_1neuralnet_1_1_input_layer.html#e23766eccd21e834320faa75bf8875fd" title="edu.packt.neuralnet.InputLayer.setNumberOfNeuronsInLayer" alt="" coords="305,461,689,488">
<area shape="rect" href="$classedu_1_1packt_1_1neuralnet_1_1_neural_net.html#f1c1aa92631538b5eae425583f4cc53c" title="edu.packt.neuralnet.NeuralNet.setOutputLayer" alt="" coords="348,512,647,539">
<area shape="rect" href="$classedu_1_1packt_1_1neuralnet_1_1_layer.html#897922d6c13d0079f6918338b1ed7147" title="edu.packt.neuralnet.Layer.getNumberOfNeuronsInLayer" alt="" coords="744,56,1099,83">
<area shape="rect" href="$classedu_1_1packt_1_1neuralnet_1_1_layer.html#21227cb2127f63fd8a7ed9df8c452b8f" title="edu.packt.neuralnet.Layer.setListOfNeurons" alt="" coords="780,107,1063,133">
