<area shape="rect" href="$classedu_1_1packt_1_1neuralnet_1_1learn_1_1_training.html#0e7eb2e324e36d3b5e740675f10bdda8" title="edu.packt.neuralnet.learn.Training.derivativeActivationFnc" alt="" coords="403,56,768,83">
<area shape="rect" href="$classedu_1_1packt_1_1neuralnet_1_1learn_1_1_backpropagation.html#98392299268e48c9d57cd8a0dcce0824" title="edu.packt.neuralnet.learn.Backpropagation.backpropagation" alt="" coords="816,31,1195,57">
<area shape="rect" href="$classedu_1_1packt_1_1neuralnet_1_1learn_1_1_training.html#d3654db10f31727f7a1c2bfefaa0a06e" title="edu.packt.neuralnet.learn.Training.calcNewWeight" alt="" coords="845,81,1165,108">
<area shape="rect" href="$classedu_1_1packt_1_1neuralnet_1_1learn_1_1_backpropagation.html#6e80c193a016810e682ac21b413a2ea4" title="edu.packt.neuralnet.learn.Backpropagation.train" alt="" coords="1269,31,1576,57">
<area shape="rect" href="$classedu_1_1packt_1_1neuralnet_1_1_neural_net.html#0fb68b5351c5a8be51f96c0197ab6651" title="edu.packt.neuralnet.NeuralNet.trainNet" alt="" coords="1652,31,1905,57">
<area shape="rect" href="$classedu_1_1packt_1_1neuralnet_1_1weather_1_1_weather.html#c89e26e1b946a1a81f00f8491d60e995" title="edu.packt.neuralnet.weather.Weather.main" alt="" coords="1971,5,2248,32">
<area shape="rect" href="$classedu_1_1packt_1_1neuralnet_1_1_neural_net_test.html#de053992d60ac8d0743510789d480f5b" title="edu.packt.neuralnet.NeuralNetTest.testKohonen" alt="" coords="1956,56,2263,83">
<area shape="rect" href="$classedu_1_1packt_1_1neuralnet_1_1_neural_net_test.html#8efe123a4bf586210d969569369b0dba" title="edu.packt.neuralnet.NeuralNetTest.main" alt="" coords="2312,56,2573,83">
<area shape="rect" href="$classedu_1_1packt_1_1neuralnet_1_1learn_1_1_training.html#7a5294957e77ea3df7d906c2e690de8c" title="edu.packt.neuralnet.learn.Training.teachNeuronsOfLayer" alt="" coords="1244,81,1601,108">
<area shape="rect" href="$classedu_1_1packt_1_1neuralnet_1_1learn_1_1_training.html#1d18c774a21a409420750021a6661cec" title="edu.packt.neuralnet.learn.Training.train" alt="" coords="1652,81,1905,108">
