<area shape="rect" href="$classedu_1_1packt_1_1neuralnet_1_1learn_1_1_training.html#0e7eb2e324e36d3b5e740675f10bdda8" title="edu.packt.neuralnet.learn.Training.derivativeActivationFnc" alt="" coords="439,81,804,108">
<area shape="rect" href="$classedu_1_1packt_1_1neuralnet_1_1_neural_net.html#20ef5ea336c7d1730b65c4026d6fd285" title="edu.packt.neuralnet.NeuralNet.getActivationFnc" alt="" coords="469,132,773,159">
<area shape="rect" href="$classedu_1_1packt_1_1neuralnet_1_1_neural_net.html#0d441aaaf3fc0902c508a255db617050" title="edu.packt.neuralnet.NeuralNet.getActivationFncOutputLayer" alt="" coords="432,183,811,209">
<area shape="rect" href="$classedu_1_1packt_1_1neuralnet_1_1_neural_net.html#61327e435c95e3c3de0bbf2f2f556392" title="edu.packt.neuralnet.NeuralNet.getInputLayer" alt="" coords="477,233,765,260">
<area shape="rect" href="$classedu_1_1packt_1_1neuralnet_1_1_neural_net.html#7b73c95ca04f299357dc5ea32f72893d" title="edu.packt.neuralnet.NeuralNet.getListOfHiddenLayer" alt="" coords="453,284,789,311">
<area shape="rect" href="$classedu_1_1packt_1_1neuralnet_1_1_layer.html#884240cc906fb8b36194cccf19c2b6bc" title="edu.packt.neuralnet.Layer.getListOfNeurons" alt="" coords="480,335,763,361">
<area shape="rect" href="$classedu_1_1packt_1_1neuralnet_1_1_layer.html#897922d6c13d0079f6918338b1ed7147" title="edu.packt.neuralnet.Layer.getNumberOfNeuronsInLayer" alt="" coords="444,385,799,412">
<area shape="rect" href="$classedu_1_1packt_1_1neuralnet_1_1_neural_net.html#242fb32fd1cfdf033445094116679d9a" title="edu.packt.neuralnet.NeuralNet.getOutputLayer" alt="" coords="472,436,771,463">
<area shape="rect" href="$classedu_1_1packt_1_1neuralnet_1_1_neural_net.html#c2e7c33dcd99679a76e6b405d93d7f5b" title="edu.packt.neuralnet.NeuralNet.getTrainSet" alt="" coords="484,487,759,513">
<area shape="rect" href="$classedu_1_1packt_1_1neuralnet_1_1_layer.html#21227cb2127f63fd8a7ed9df8c452b8f" title="edu.packt.neuralnet.Layer.setListOfNeurons" alt="" coords="480,537,763,564">
<area shape="rect" href="$classedu_1_1packt_1_1neuralnet_1_1learn_1_1_training.html#6945a19ff740099659c9e81e1255f749" title="edu.packt.neuralnet.learn.Training.derivativeFncHyperTan" alt="" coords="860,5,1225,32">
<area shape="rect" href="$classedu_1_1packt_1_1neuralnet_1_1learn_1_1_training.html#5bd0c1ba948a3a82c530752305bab65c" title="edu.packt.neuralnet.learn.Training.derivativeFncLinear" alt="" coords="871,56,1215,83">
<area shape="rect" href="$classedu_1_1packt_1_1neuralnet_1_1learn_1_1_training.html#b68e279289768f703ef8ac4ff6a18829" title="edu.packt.neuralnet.learn.Training.derivativeFncSigLog" alt="" coords="868,107,1217,133">
<area shape="rect" href="$classedu_1_1packt_1_1neuralnet_1_1learn_1_1_training.html#fa2fcd32fa0b2fa3582ce21e5f0548b1" title="edu.packt.neuralnet.learn.Training.derivativeFncStep" alt="" coords="876,157,1209,184">
