<area shape="rect" href="$classedu_1_1packt_1_1neuralnet_1_1som_1_1_kohonen.html#be84746fa2c87ad362c4232c6b700930" title="edu.packt.neuralnet.som.Kohonen.train" alt="" coords="333,791,587,817">
<area shape="rect" href="$classedu_1_1packt_1_1neuralnet_1_1learn_1_1_backpropagation.html#6e80c193a016810e682ac21b413a2ea4" title="edu.packt.neuralnet.learn.Backpropagation.train" alt="" coords="307,1120,613,1147">
<area shape="rect" href="$classedu_1_1packt_1_1neuralnet_1_1learn_1_1_adaline.html#f398ad45e799b7e57b3c2f60e2526a55" title="edu.packt.neuralnet.learn.Adaline.train" alt="" coords="335,1171,585,1197">
<area shape="rect" href="$classedu_1_1packt_1_1neuralnet_1_1learn_1_1_perceptron.html#1ae0dba3298a93d7ad2ab02935513f44" title="edu.packt.neuralnet.learn.Perceptron.train" alt="" coords="324,1221,596,1248">
<area shape="rect" href="$classedu_1_1packt_1_1neuralnet_1_1som_1_1_kohonen.html#6415d36bba0f02933bf31b6c7a8b8cfc" title="edu.packt.neuralnet.som.Kohonen.calcEuclideanDistance" alt="" coords="669,765,1032,792">
<area shape="rect" href="$classedu_1_1packt_1_1neuralnet_1_1som_1_1_kohonen.html#03c52691dc2a357f612be3f20bfd383d" title="edu.packt.neuralnet.som.Kohonen.fixWinnerWeights" alt="" coords="684,689,1017,716">
<area shape="rect" href="$classedu_1_1packt_1_1neuralnet_1_1_neural_net.html#c2e7c33dcd99679a76e6b405d93d7f5b" title="edu.packt.neuralnet.NeuralNet.getTrainSet" alt="" coords="1149,816,1424,843">
<area shape="rect" href="$classedu_1_1packt_1_1neuralnet_1_1_neural_net.html#f14057f123727ff718a5403015e4e647" title="edu.packt.neuralnet.NeuralNet.getMaxEpochs" alt="" coords="704,867,997,893">
<area shape="rect" href="$classedu_1_1packt_1_1neuralnet_1_1_neural_net.html#a391d187fbca78fa9fac6eb08a9dbede" title="edu.packt.neuralnet.NeuralNet.initNet" alt="" coords="729,284,972,311">
<area shape="rect" href="$classedu_1_1packt_1_1neuralnet_1_1_neural_net.html#61327e435c95e3c3de0bbf2f2f556392" title="edu.packt.neuralnet.NeuralNet.getInputLayer" alt="" coords="1143,664,1431,691">
<area shape="rect" href="$classedu_1_1packt_1_1neuralnet_1_1_layer.html#884240cc906fb8b36194cccf19c2b6bc" title="edu.packt.neuralnet.Layer.getListOfNeurons" alt="" coords="1145,765,1428,792">
<area shape="rect" href="$classedu_1_1packt_1_1neuralnet_1_1_layer.html#897922d6c13d0079f6918338b1ed7147" title="edu.packt.neuralnet.Layer.getNumberOfNeuronsInLayer" alt="" coords="1540,613,1895,640">
<area shape="rect" href="$classedu_1_1packt_1_1neuralnet_1_1_neural_net.html#242fb32fd1cfdf033445094116679d9a" title="edu.packt.neuralnet.NeuralNet.getOutputLayer" alt="" coords="1137,968,1436,995">
<area shape="rect" href="$classedu_1_1packt_1_1neuralnet_1_1_neural_net.html#107c193fc9a6af728cc511406ee89c35" title="edu.packt.neuralnet.NeuralNet.getLearningRate" alt="" coords="1135,563,1439,589">
<area shape="rect" href="$classedu_1_1packt_1_1neuralnet_1_1_output_layer.html#ee350d0014be1cfbd3e8de279142becc" title="edu.packt.neuralnet.OutputLayer.initLayer" alt="" coords="1152,259,1421,285">
<area shape="rect" href="$classedu_1_1packt_1_1neuralnet_1_1_hidden_layer.html#75811af83413fa7fc0c71d5eaa488ad1" title="edu.packt.neuralnet.HiddenLayer.initLayer" alt="" coords="1151,512,1423,539">
<area shape="rect" href="$classedu_1_1packt_1_1neuralnet_1_1_input_layer.html#183330370b7cc424aef8604c00b338f7" title="edu.packt.neuralnet.InputLayer.initLayer" alt="" coords="1157,309,1416,336">
<area shape="rect" href="$classedu_1_1packt_1_1neuralnet_1_1_neural_net.html#780816351285521bf51d63080d243c01" title="edu.packt.neuralnet.NeuralNet.setHiddenLayer" alt="" coords="1137,107,1436,133">
<area shape="rect" href="$classedu_1_1packt_1_1neuralnet_1_1_neural_net.html#24cfee30d0351c5d58aa34b7d2071d1e" title="edu.packt.neuralnet.NeuralNet.setInputLayer" alt="" coords="1143,157,1431,184">
<area shape="rect" href="$classedu_1_1packt_1_1neuralnet_1_1_neural_net.html#67782e73b6b32e2cf17341c1f326624c" title="edu.packt.neuralnet.NeuralNet.setListOfHiddenLayer" alt="" coords="1120,208,1453,235">
<area shape="rect" href="$classedu_1_1packt_1_1neuralnet_1_1_neural_net.html#770366f71716a4fd81f7743281b3a036" title="edu.packt.neuralnet.NeuralNet.setNumberOfHiddenLayers" alt="" coords="1103,360,1471,387">
<area shape="rect" href="$classedu_1_1packt_1_1neuralnet_1_1_layer.html#98869674f0859a4ed7978f5dcd964cfc" title="edu.packt.neuralnet.Layer.setNumberOfNeuronsInLayer" alt="" coords="1109,411,1464,437">
<area shape="rect" href="$classedu_1_1packt_1_1neuralnet_1_1_hidden_layer.html#5a73556371b65931dceba233a25a79d0" title="edu.packt.neuralnet.HiddenLayer.setNumberOfNeuronsInLayer" alt="" coords="1089,461,1484,488">
<area shape="rect" href="$classedu_1_1packt_1_1neuralnet_1_1_input_layer.html#e23766eccd21e834320faa75bf8875fd" title="edu.packt.neuralnet.InputLayer.setNumberOfNeuronsInLayer" alt="" coords="1095,5,1479,32">
<area shape="rect" href="$classedu_1_1packt_1_1neuralnet_1_1_neural_net.html#f1c1aa92631538b5eae425583f4cc53c" title="edu.packt.neuralnet.NeuralNet.setOutputLayer" alt="" coords="1137,56,1436,83">
<area shape="rect" href="$classedu_1_1packt_1_1neuralnet_1_1_layer.html#21227cb2127f63fd8a7ed9df8c452b8f" title="edu.packt.neuralnet.Layer.setListOfNeurons" alt="" coords="1576,309,1859,336">
<area shape="rect" href="$classedu_1_1packt_1_1neuralnet_1_1learn_1_1_backpropagation.html#98392299268e48c9d57cd8a0dcce0824" title="edu.packt.neuralnet.learn.Backpropagation.backpropagation" alt="" coords="661,968,1040,995">
<area shape="rect" href="$classedu_1_1packt_1_1neuralnet_1_1learn_1_1_backpropagation.html#bf900f3a44652640f21f048704ccaffd" title="edu.packt.neuralnet.learn.Backpropagation.forward" alt="" coords="689,1095,1012,1121">
<area shape="rect" href="$classedu_1_1packt_1_1neuralnet_1_1_neural_net.html#06b04584eccf0496d268a34cfb062a34" title="edu.packt.neuralnet.NeuralNet.getErrorMean" alt="" coords="707,1145,995,1172">
<area shape="rect" href="$classedu_1_1packt_1_1neuralnet_1_1_neural_net.html#42d6e1250122830856d89a3686b3a796" title="edu.packt.neuralnet.NeuralNet.getListOfMSE" alt="" coords="707,1196,995,1223">
<area shape="rect" href="$classedu_1_1packt_1_1neuralnet_1_1learn_1_1_training.html#b5cf1337fba9c089662d99fae5977c8c" title="edu.packt.neuralnet.learn.Training.getMse" alt="" coords="715,1247,987,1273">
<area shape="rect" href="$classedu_1_1packt_1_1neuralnet_1_1_neural_net.html#2f63bc17bf5a76266ab3a09660a96e5f" title="edu.packt.neuralnet.NeuralNet.getTargetError" alt="" coords="704,1297,997,1324">
<area shape="rect" href="$classedu_1_1packt_1_1neuralnet_1_1learn_1_1_training.html#8d24c85a9586aad2cf00a305e04d39b8" title="edu.packt.neuralnet.learn.Training.setMse" alt="" coords="715,1348,987,1375">
<area shape="rect" href="$classedu_1_1packt_1_1neuralnet_1_1learn_1_1_training.html#0e7eb2e324e36d3b5e740675f10bdda8" title="edu.packt.neuralnet.learn.Training.derivativeActivationFnc" alt="" coords="1104,1019,1469,1045">
<area shape="rect" href="$classedu_1_1packt_1_1neuralnet_1_1_neural_net.html#20ef5ea336c7d1730b65c4026d6fd285" title="edu.packt.neuralnet.NeuralNet.getActivationFnc" alt="" coords="1135,1069,1439,1096">
<area shape="rect" href="$classedu_1_1packt_1_1neuralnet_1_1_neural_net.html#0d441aaaf3fc0902c508a255db617050" title="edu.packt.neuralnet.NeuralNet.getActivationFncOutputLayer" alt="" coords="1097,1120,1476,1147">
<area shape="rect" href="$classedu_1_1packt_1_1neuralnet_1_1_neural_net.html#7b73c95ca04f299357dc5ea32f72893d" title="edu.packt.neuralnet.NeuralNet.getListOfHiddenLayer" alt="" coords="1119,1171,1455,1197">
<area shape="rect" href="$classedu_1_1packt_1_1neuralnet_1_1learn_1_1_training.html#6945a19ff740099659c9e81e1255f749" title="edu.packt.neuralnet.learn.Training.derivativeFncHyperTan" alt="" coords="1535,1095,1900,1121">
<area shape="rect" href="$classedu_1_1packt_1_1neuralnet_1_1learn_1_1_training.html#5bd0c1ba948a3a82c530752305bab65c" title="edu.packt.neuralnet.learn.Training.derivativeFncLinear" alt="" coords="1545,943,1889,969">
<area shape="rect" href="$classedu_1_1packt_1_1neuralnet_1_1learn_1_1_training.html#b68e279289768f703ef8ac4ff6a18829" title="edu.packt.neuralnet.learn.Training.derivativeFncSigLog" alt="" coords="1543,993,1892,1020">
<area shape="rect" href="$classedu_1_1packt_1_1neuralnet_1_1learn_1_1_training.html#fa2fcd32fa0b2fa3582ce21e5f0548b1" title="edu.packt.neuralnet.learn.Training.derivativeFncStep" alt="" coords="1551,1044,1884,1071">
<area shape="rect" href="$classedu_1_1packt_1_1neuralnet_1_1learn_1_1_training.html#16214b108139b3452c15a0c6695afcb7" title="edu.packt.neuralnet.learn.Training.activationFnc" alt="" coords="1133,1323,1440,1349">
<area shape="rect" href="$classedu_1_1packt_1_1neuralnet_1_1_neuron.html#a7dbd13df945a1940769f9c8cd47fe80" title="edu.packt.neuralnet.Neuron.getListOfWeightIn" alt="" coords="1139,1373,1435,1400">
<area shape="rect" href="$classedu_1_1packt_1_1neuralnet_1_1_neural_net.html#79fa7f9b399b5358a6c490fc1e9e5a9c" title="edu.packt.neuralnet.NeuralNet.getRealMatrixOutputSet" alt="" coords="1112,1424,1461,1451">
<area shape="rect" href="$classedu_1_1packt_1_1neuralnet_1_1_neural_net.html#3e642d97304902c4e777d03d66074af5" title="edu.packt.neuralnet.NeuralNet.setErrorMean" alt="" coords="1143,1475,1431,1501">
<area shape="rect" href="$classedu_1_1packt_1_1neuralnet_1_1_neuron.html#52e2674319fa5ac381a007d17853dddb" title="edu.packt.neuralnet.Neuron.setOutputValue" alt="" coords="1145,1272,1428,1299">
<area shape="rect" href="$classedu_1_1packt_1_1neuralnet_1_1learn_1_1_training.html#a1e191cb5ca4c28728e50f3a82004c36" title="edu.packt.neuralnet.learn.Training.fncHyperTan" alt="" coords="1565,1272,1869,1299">
<area shape="rect" href="$classedu_1_1packt_1_1neuralnet_1_1learn_1_1_training.html#9496d7cd3c4c9098d6d636c5e657b12c" title="edu.packt.neuralnet.learn.Training.fncLinear" alt="" coords="1576,1323,1859,1349">
<area shape="rect" href="$classedu_1_1packt_1_1neuralnet_1_1learn_1_1_training.html#030c1ece3079d2691fe8b550ef789bcd" title="edu.packt.neuralnet.learn.Training.fncSigLog" alt="" coords="1573,1373,1861,1400">
