<area shape="rect" href="$classedu_1_1packt_1_1neuralnet_1_1util_1_1_matrix.html#5d27282250509764a0a1367df558b5ef" title="edu.packt.neuralnet.util.Matrix.getNumberOfColumns" alt="" coords="1649,309,1985,336">
<area shape="rect" href="$classedu_1_1packt_1_1neuralnet_1_1util_1_1_matrix.html#ac6583c30d5eb5424e9697ae8fc9045f" title="edu.packt.neuralnet.util.Matrix.getNumberOfRows" alt="" coords="1659,487,1976,513">
<area shape="rect" href="$classedu_1_1packt_1_1neuralnet_1_1util_1_1_matrix.html#8710f51c2b7664465a7703e9ab485dbe" title="edu.packt.neuralnet.util.Matrix.getValue" alt="" coords="1689,208,1945,235">
<area shape="rect" href="$classedu_1_1packt_1_1neuralnet_1_1util_1_1_matrix.html#21b037d5156b40c898d810198749b242" title="edu.packt.neuralnet.util.Matrix.Matrix" alt="" coords="1329,132,1569,159">
<area shape="rect" href="$classedu_1_1packt_1_1neuralnet_1_1util_1_1_matrix.html#964cb7a86469aa16e0f5185f8fcd1475" title="edu.packt.neuralnet.util.Matrix.setValue" alt="" coords="317,335,573,361">
<area shape="rect" href="$classedu_1_1packt_1_1neuralnet_1_1util_1_1_matrix.html#361ed450349dd9ae5deda4f2f94540ba" title="edu.packt.neuralnet.util.Matrix.determinant" alt="" coords="621,284,896,311">
<area shape="rect" href="$classedu_1_1packt_1_1neuralnet_1_1util_1_1_matrix.html#a7136e573781b32bdc8c4d4fa5a19f69" title="edu.packt.neuralnet.util.Matrix.LUdecomposition" alt="" coords="944,335,1251,361">
<area shape="rect" href="$classedu_1_1packt_1_1neuralnet_1_1util_1_1_matrix.html#510bbe9cf02aed8539388d1daed3d0bf" title="edu.packt.neuralnet.util.Matrix.multiplyDiagonal" alt="" coords="1299,183,1600,209">
<area shape="rect" href="$classedu_1_1packt_1_1neuralnet_1_1util_1_1_matrix.html#6032f8217c058cf374a7078a5efe4a81" title="edu.packt.neuralnet.util.Matrix.setZeros" alt="" coords="1321,487,1577,513">
<area shape="rect" href="$classedu_1_1packt_1_1neuralnet_1_1util_1_1_matrix.html#554f17343858aad26f583ef4d2cc0f42" title="edu.packt.neuralnet.util.Matrix.sumRowByRow" alt="" coords="1300,385,1599,412">
