<area shape="rect" href="$classedu_1_1packt_1_1neuralnet_1_1learn_1_1_backpropagation.html#98392299268e48c9d57cd8a0dcce0824" title="edu.packt.neuralnet.learn.Backpropagation.backpropagation" alt="" coords="360,107,739,133">
<area shape="rect" href="$classedu_1_1packt_1_1neuralnet_1_1learn_1_1_training.html#d3654db10f31727f7a1c2bfefaa0a06e" title="edu.packt.neuralnet.learn.Training.calcNewWeight" alt="" coords="389,5,709,32">
<area shape="rect" href="$classedu_1_1packt_1_1neuralnet_1_1learn_1_1_training.html#1d18c774a21a409420750021a6661cec" title="edu.packt.neuralnet.learn.Training.train" alt="" coords="1232,31,1485,57">
<area shape="rect" href="$classedu_1_1packt_1_1neuralnet_1_1learn_1_1_backpropagation.html#bf900f3a44652640f21f048704ccaffd" title="edu.packt.neuralnet.learn.Backpropagation.forward" alt="" coords="388,157,711,184">
<area shape="rect" href="$classedu_1_1packt_1_1neuralnet_1_1learn_1_1_training.html#90656f54913d63b3bba8edeaa4b95757" title="edu.packt.neuralnet.learn.Training.printTrainedNetResult" alt="" coords="371,208,728,235">
<area shape="rect" href="$classedu_1_1packt_1_1neuralnet_1_1learn_1_1_backpropagation.html#6e80c193a016810e682ac21b413a2ea4" title="edu.packt.neuralnet.learn.Backpropagation.train" alt="" coords="813,107,1120,133">
<area shape="rect" href="$classedu_1_1packt_1_1neuralnet_1_1_neural_net.html#0fb68b5351c5a8be51f96c0197ab6651" title="edu.packt.neuralnet.NeuralNet.trainNet" alt="" coords="1232,107,1485,133">
<area shape="rect" href="$classedu_1_1packt_1_1neuralnet_1_1weather_1_1_weather.html#c89e26e1b946a1a81f00f8491d60e995" title="edu.packt.neuralnet.weather.Weather.main" alt="" coords="1587,157,1864,184">
<area shape="rect" href="$classedu_1_1packt_1_1neuralnet_1_1_neural_net_test.html#de053992d60ac8d0743510789d480f5b" title="edu.packt.neuralnet.NeuralNetTest.testKohonen" alt="" coords="1572,107,1879,133">
<area shape="rect" href="$classedu_1_1packt_1_1neuralnet_1_1_neural_net_test.html#8efe123a4bf586210d969569369b0dba" title="edu.packt.neuralnet.NeuralNetTest.main" alt="" coords="1928,107,2189,133">
<area shape="rect" href="$classedu_1_1packt_1_1neuralnet_1_1learn_1_1_training.html#7a5294957e77ea3df7d906c2e690de8c" title="edu.packt.neuralnet.learn.Training.teachNeuronsOfLayer" alt="" coords="788,5,1145,32">
<area shape="rect" href="$classedu_1_1packt_1_1neuralnet_1_1_neural_net.html#82c9337c75bc84b8d1e84c4846a0b138" title="edu.packt.neuralnet.NeuralNet.getNetOutputValues" alt="" coords="1196,157,1521,184">
<area shape="rect" href="$classedu_1_1packt_1_1neuralnet_1_1_neural_net.html#a8eeacb9e33fb2ad7afa7255afac5f8a" title="edu.packt.neuralnet.NeuralNet.printTrainedNetResult" alt="" coords="799,208,1135,235">
