<area shape="rect" href="$classedu_1_1packt_1_1neuralnet_1_1_output_layer.html" title="{edu.packt.neuralnet.OutputLayer\n||+ initLayer()\l+ printLayer()\l}" alt="" coords="5,224,221,320">
<area shape="rect" title="outputLayer" alt="" coords="128,316,136,324">
<area shape="rect" title="outputLayer" alt="" coords="241,611,249,619">
<area shape="rect" href="$classedu_1_1packt_1_1neuralnet_1_1_layer.html" title="{edu.packt.neuralnet.Layer\n|# numberOfNeuronsInLayer\l&#45; listOfNeurons\l|+ printLayer()\l+ getListOfNeurons()\l+ setListOfNeurons()\l+ getNumberOfNeuronsInLayer()\l+ setNumberOfNeuronsInLayer()\l}" alt="" coords="244,5,463,165">
<area shape="rect" href="$classedu_1_1packt_1_1neuralnet_1_1_input_layer.html" title="{edu.packt.neuralnet.InputLayer\n||+ initLayer()\l+ printLayer()\l+ setNumberOfNeuronsInLayer()\l}" alt="" coords="245,216,461,328">
<area shape="rect" href="$classedu_1_1packt_1_1neuralnet_1_1_hidden_layer.html" title="{edu.packt.neuralnet.HiddenLayer\n||+ initLayer()\l+ printLayer()\l+ setNumberOfNeuronsInLayer()\l}" alt="" coords="485,216,704,328">
<area shape="rect" title="inputLayer" alt="" coords="349,324,357,332">
<area shape="rect" title="inputLayer" alt="" coords="349,388,357,396">
<area shape="rect" title="hiddenLayer" alt="" coords="569,324,577,332">
<area shape="rect" title="hiddenLayer" alt="" coords="457,613,465,621">
