<area shape="rect" href="$classedu_1_1packt_1_1neuralnet_1_1learn_1_1_backpropagation.html#bf900f3a44652640f21f048704ccaffd" title="edu.packt.neuralnet.learn.Backpropagation.forward" alt="" coords="353,31,676,57">
<area shape="rect" href="$classedu_1_1packt_1_1neuralnet_1_1_input_layer.html#d952b41e31d2d80e8a39b66b1e9816e3" title="edu.packt.neuralnet.InputLayer.printLayer" alt="" coords="380,81,649,108">
<area shape="rect" href="$classedu_1_1packt_1_1neuralnet_1_1_hidden_layer.html#e29a01aad1799ecf5c5fb88dd062ef31" title="edu.packt.neuralnet.HiddenLayer.printLayer" alt="" coords="375,132,655,159">
<area shape="rect" href="$classedu_1_1packt_1_1neuralnet_1_1_neural_net.html#82c9337c75bc84b8d1e84c4846a0b138" title="edu.packt.neuralnet.NeuralNet.getNetOutputValues" alt="" coords="1081,56,1407,83">
<area shape="rect" href="$classedu_1_1packt_1_1neuralnet_1_1learn_1_1_backpropagation.html#6e80c193a016810e682ac21b413a2ea4" title="edu.packt.neuralnet.learn.Backpropagation.train" alt="" coords="725,5,1032,32">
<area shape="rect" href="$classedu_1_1packt_1_1neuralnet_1_1weather_1_1_weather.html#c89e26e1b946a1a81f00f8491d60e995" title="edu.packt.neuralnet.weather.Weather.main" alt="" coords="1472,56,1749,83">
<area shape="rect" href="$classedu_1_1packt_1_1neuralnet_1_1_neural_net.html#0fb68b5351c5a8be51f96c0197ab6651" title="edu.packt.neuralnet.NeuralNet.trainNet" alt="" coords="1117,5,1371,32">
<area shape="rect" href="$classedu_1_1packt_1_1neuralnet_1_1_neural_net_test.html#de053992d60ac8d0743510789d480f5b" title="edu.packt.neuralnet.NeuralNetTest.testKohonen" alt="" coords="1457,5,1764,32">
<area shape="rect" href="$classedu_1_1packt_1_1neuralnet_1_1_neural_net_test.html#8efe123a4bf586210d969569369b0dba" title="edu.packt.neuralnet.NeuralNetTest.main" alt="" coords="1813,5,2075,32">
<area shape="rect" href="$classedu_1_1packt_1_1neuralnet_1_1_neural_net.html#d8a8c2e14e0dca5720f083781cd65a75" title="edu.packt.neuralnet.NeuralNet.printNet" alt="" coords="752,107,1005,133">
