<area shape="rect" href="$classedu_1_1packt_1_1neuralnet_1_1learn_1_1_training.html#16214b108139b3452c15a0c6695afcb7" title="edu.packt.neuralnet.learn.Training.activationFnc" alt="" coords="415,81,721,108">
<area shape="rect" href="$classedu_1_1packt_1_1neuralnet_1_1_neural_net.html#20ef5ea336c7d1730b65c4026d6fd285" title="edu.packt.neuralnet.NeuralNet.getActivationFnc" alt="" coords="416,132,720,159">
<area shape="rect" href="$classedu_1_1packt_1_1neuralnet_1_1_neural_net.html#0d441aaaf3fc0902c508a255db617050" title="edu.packt.neuralnet.NeuralNet.getActivationFncOutputLayer" alt="" coords="379,183,757,209">
<area shape="rect" href="$classedu_1_1packt_1_1neuralnet_1_1_neural_net.html#7b73c95ca04f299357dc5ea32f72893d" title="edu.packt.neuralnet.NeuralNet.getListOfHiddenLayer" alt="" coords="400,233,736,260">
<area shape="rect" href="$classedu_1_1packt_1_1neuralnet_1_1_layer.html#884240cc906fb8b36194cccf19c2b6bc" title="edu.packt.neuralnet.Layer.getListOfNeurons" alt="" coords="427,284,709,311">
<area shape="rect" href="$classedu_1_1packt_1_1neuralnet_1_1_neuron.html#a7dbd13df945a1940769f9c8cd47fe80" title="edu.packt.neuralnet.Neuron.getListOfWeightIn" alt="" coords="420,335,716,361">
<area shape="rect" href="$classedu_1_1packt_1_1neuralnet_1_1_layer.html#897922d6c13d0079f6918338b1ed7147" title="edu.packt.neuralnet.Layer.getNumberOfNeuronsInLayer" alt="" coords="391,385,745,412">
<area shape="rect" href="$classedu_1_1packt_1_1neuralnet_1_1_neural_net.html#242fb32fd1cfdf033445094116679d9a" title="edu.packt.neuralnet.NeuralNet.getOutputLayer" alt="" coords="419,436,717,463">
<area shape="rect" href="$classedu_1_1packt_1_1neuralnet_1_1_neural_net.html#79fa7f9b399b5358a6c490fc1e9e5a9c" title="edu.packt.neuralnet.NeuralNet.getRealMatrixOutputSet" alt="" coords="393,487,743,513">
<area shape="rect" href="$classedu_1_1packt_1_1neuralnet_1_1_neural_net.html#c2e7c33dcd99679a76e6b405d93d7f5b" title="edu.packt.neuralnet.NeuralNet.getTrainSet" alt="" coords="431,537,705,564">
<area shape="rect" href="$classedu_1_1packt_1_1neuralnet_1_1_neural_net.html#3e642d97304902c4e777d03d66074af5" title="edu.packt.neuralnet.NeuralNet.setErrorMean" alt="" coords="424,588,712,615">
<area shape="rect" href="$classedu_1_1packt_1_1neuralnet_1_1_neuron.html#52e2674319fa5ac381a007d17853dddb" title="edu.packt.neuralnet.Neuron.setOutputValue" alt="" coords="427,639,709,665">
<area shape="rect" href="$classedu_1_1packt_1_1neuralnet_1_1learn_1_1_training.html#a1e191cb5ca4c28728e50f3a82004c36" title="edu.packt.neuralnet.learn.Training.fncHyperTan" alt="" coords="807,5,1111,32">
<area shape="rect" href="$classedu_1_1packt_1_1neuralnet_1_1learn_1_1_training.html#9496d7cd3c4c9098d6d636c5e657b12c" title="edu.packt.neuralnet.learn.Training.fncLinear" alt="" coords="817,56,1100,83">
<area shape="rect" href="$classedu_1_1packt_1_1neuralnet_1_1learn_1_1_training.html#030c1ece3079d2691fe8b550ef789bcd" title="edu.packt.neuralnet.learn.Training.fncSigLog" alt="" coords="815,107,1103,133">
<area shape="rect" href="$classedu_1_1packt_1_1neuralnet_1_1learn_1_1_training.html#3f840606d471f9c495ae317b43d2aa6c" title="edu.packt.neuralnet.learn.Training.fncStep" alt="" coords="823,157,1095,184">
