<area shape="rect" href="$classedu_1_1packt_1_1neuralnet_1_1learn_1_1_backpropagation.html#98392299268e48c9d57cd8a0dcce0824" title="edu.packt.neuralnet.learn.Backpropagation.backpropagation" alt="" coords="331,195,709,221">
<area shape="rect" href="$classedu_1_1packt_1_1neuralnet_1_1learn_1_1_backpropagation.html#6e80c193a016810e682ac21b413a2ea4" title="edu.packt.neuralnet.learn.Backpropagation.train" alt="" coords="772,195,1079,221">
<area shape="rect" href="$classedu_1_1packt_1_1neuralnet_1_1som_1_1_kohonen.html#03c52691dc2a357f612be3f20bfd383d" title="edu.packt.neuralnet.som.Kohonen.fixWinnerWeights" alt="" coords="353,93,687,120">
<area shape="rect" href="$classedu_1_1packt_1_1neuralnet_1_1som_1_1_kohonen.html#be84746fa2c87ad362c4232c6b700930" title="edu.packt.neuralnet.som.Kohonen.train" alt="" coords="799,93,1052,120">
<area shape="rect" href="$classedu_1_1packt_1_1neuralnet_1_1learn_1_1_backpropagation.html#bf900f3a44652640f21f048704ccaffd" title="edu.packt.neuralnet.learn.Backpropagation.forward" alt="" coords="359,245,681,272">
<area shape="rect" href="$classedu_1_1packt_1_1neuralnet_1_1_neural_net.html#82c9337c75bc84b8d1e84c4846a0b138" title="edu.packt.neuralnet.NeuralNet.getNetOutputValues" alt="" coords="763,245,1088,272">
<area shape="rect" href="$classedu_1_1packt_1_1neuralnet_1_1learn_1_1_training.html#90656f54913d63b3bba8edeaa4b95757" title="edu.packt.neuralnet.learn.Training.printTrainedNetResult" alt="" coords="341,347,699,373">
<area shape="rect" href="$classedu_1_1packt_1_1neuralnet_1_1learn_1_1_training.html#7a5294957e77ea3df7d906c2e690de8c" title="edu.packt.neuralnet.learn.Training.teachNeuronsOfLayer" alt="" coords="341,448,699,475">
<area shape="rect" href="$classedu_1_1packt_1_1neuralnet_1_1learn_1_1_training.html#1d18c774a21a409420750021a6661cec" title="edu.packt.neuralnet.learn.Training.train" alt="" coords="799,423,1052,449">
<area shape="rect" href="$classedu_1_1packt_1_1neuralnet_1_1_neural_net.html#0fb68b5351c5a8be51f96c0197ab6651" title="edu.packt.neuralnet.NeuralNet.trainNet" alt="" coords="1141,195,1395,221">
<area shape="rect" href="$classedu_1_1packt_1_1neuralnet_1_1weather_1_1_weather.html#c89e26e1b946a1a81f00f8491d60e995" title="edu.packt.neuralnet.weather.Weather.main" alt="" coords="1459,245,1736,272">
<area shape="rect" href="$classedu_1_1packt_1_1neuralnet_1_1_neural_net_test.html#de053992d60ac8d0743510789d480f5b" title="edu.packt.neuralnet.NeuralNetTest.testKohonen" alt="" coords="1444,195,1751,221">
<area shape="rect" href="$classedu_1_1packt_1_1neuralnet_1_1_neural_net_test.html#8efe123a4bf586210d969569369b0dba" title="edu.packt.neuralnet.NeuralNetTest.main" alt="" coords="1800,195,2061,221">
<area shape="rect" href="$classedu_1_1packt_1_1neuralnet_1_1_neural_net.html#a8eeacb9e33fb2ad7afa7255afac5f8a" title="edu.packt.neuralnet.NeuralNet.printTrainedNetResult" alt="" coords="757,347,1093,373">
