<area shape="rect" href="$classedu_1_1packt_1_1neuralnet_1_1util_1_1_matrix.html#a7136e573781b32bdc8c4d4fa5a19f69" title="edu.packt.neuralnet.util.Matrix.LUdecomposition" alt="" coords="352,497,659,524">
<area shape="rect" href="$classedu_1_1packt_1_1neuralnet_1_1util_1_1_matrix.html#e980017837d1e4cb8bb39de95a61d2a4" title="edu.packt.neuralnet.util.Matrix.multiplyRow" alt="" coords="368,447,643,473">
<area shape="rect" href="$classedu_1_1packt_1_1neuralnet_1_1util_1_1_matrix.html#361ed450349dd9ae5deda4f2f94540ba" title="edu.packt.neuralnet.util.Matrix.determinant" alt="" coords="707,219,981,245">
<area shape="rect" href="$classedu_1_1packt_1_1neuralnet_1_1util_1_1_matrix.html#f33c801bd0a4900e67b5dd02a238707d" title="edu.packt.neuralnet.util.Matrix.coFactors" alt="" coords="1697,320,1959,347">
<area shape="rect" href="$classedu_1_1packt_1_1neuralnet_1_1util_1_1_matrix.html#f6d86b9d6b3f13eafe8f1a3453e48975" title="edu.packt.neuralnet.util.Matrix.inverse" alt="" coords="2009,365,2255,392">
<area shape="rect" href="$classedu_1_1packt_1_1neuralnet_1_1util_1_1_matrix.html#8f80de29afebb9e746b6206bc0ce3b57" title="edu.packt.neuralnet.util.Matrix.getDeterminant" alt="" coords="1029,143,1325,169">
<area shape="rect" href="$classedu_1_1packt_1_1neuralnet_1_1util_1_1_matrix.html#66cee07984c0922df3afb4c62946f6f8" title="edu.packt.neuralnet.util.Matrix.setDeterminant" alt="" coords="1031,244,1324,271">
<area shape="rect" href="$classedu_1_1packt_1_1neuralnet_1_1util_1_1_matrix.html#964cb7a86469aa16e0f5185f8fcd1475" title="edu.packt.neuralnet.util.Matrix.setValue" alt="" coords="1049,421,1305,448">
<area shape="rect" href="$classedu_1_1packt_1_1neuralnet_1_1util_1_1_matrix.html#bd46b52f17c098d8b7aa05434ce27b02" title="edu.packt.neuralnet.util.Matrix.determinant" alt="" coords="1373,143,1648,169">
<area shape="rect" href="$classedu_1_1packt_1_1neuralnet_1_1util_1_1_matrix.html#a3e4cc772f64c99a41196f637cf442eb" title="edu.packt.neuralnet.util.Matrix.inverse" alt="" coords="1388,92,1633,119">
<area shape="rect" href="$classedu_1_1packt_1_1neuralnet_1_1util_1_1_matrix.html#5edfe85e846b30393fa072773f1a835a" title="edu.packt.neuralnet.util.Matrix.add" alt="" coords="1397,295,1624,321">
<area shape="rect" href="$classedu_1_1packt_1_1neuralnet_1_1util_1_1_matrix.html#73fb6ed002df564c4e36d94e3e549464" title="edu.packt.neuralnet.util.Matrix.Matrix" alt="" coords="1391,345,1631,372">
<area shape="rect" href="$classedu_1_1packt_1_1neuralnet_1_1util_1_1_matrix.html#161db5e7d94bc764430abc7c6fd18b2a" title="edu.packt.neuralnet.util.Matrix.multiply" alt="" coords="1704,511,1952,537">
<area shape="rect" href="$classedu_1_1packt_1_1neuralnet_1_1util_1_1_matrix.html#8a06686e95a23978bf3d35fd040de99c" title="edu.packt.neuralnet.util.Matrix.setOnes" alt="" coords="1384,497,1637,524">
<area shape="rect" href="$classedu_1_1packt_1_1neuralnet_1_1util_1_1_matrix.html#6032f8217c058cf374a7078a5efe4a81" title="edu.packt.neuralnet.util.Matrix.setZeros" alt="" coords="1383,649,1639,676">
<area shape="rect" href="$classedu_1_1packt_1_1neuralnet_1_1util_1_1_matrix.html#9293ebbe20a17c5fba0a143084b0b41a" title="edu.packt.neuralnet.util.Matrix.subMatrix" alt="" coords="1380,244,1641,271">
<area shape="rect" href="$classedu_1_1packt_1_1neuralnet_1_1util_1_1_matrix.html#099ed05386817202b2c18c20b26ebcfd" title="edu.packt.neuralnet.util.Matrix.subtract" alt="" coords="1385,548,1636,575">
<area shape="rect" href="$classedu_1_1packt_1_1neuralnet_1_1util_1_1_matrix.html#949b0617436f0e8314047b6f1c56a7a9" title="edu.packt.neuralnet.util.Matrix.transpose" alt="" coords="1697,409,1959,436">
