<area shape="rect" href="$classedu_1_1packt_1_1neuralnet_1_1_neural_net.html#20ef5ea336c7d1730b65c4026d6fd285" title="edu.packt.neuralnet.NeuralNet.getActivationFnc" alt="" coords="1116,129,1420,156">
<area shape="rect" href="$classedu_1_1packt_1_1neuralnet_1_1learn_1_1_training.html#8f97abc18d511d4bd641f9d7cd8c4450" title="edu.packt.neuralnet.learn.Training.getEpochs" alt="" coords="344,433,635,460">
<area shape="rect" href="$classedu_1_1packt_1_1neuralnet_1_1learn_1_1_training.html#d21cc6d239aea5ac3afe8f4b883d8b74" title="edu.packt.neuralnet.learn.Training.getError" alt="" coords="352,484,627,511">
<area shape="rect" href="$classedu_1_1packt_1_1neuralnet_1_1_neural_net.html#61327e435c95e3c3de0bbf2f2f556392" title="edu.packt.neuralnet.NeuralNet.getInputLayer" alt="" coords="733,155,1021,181">
<area shape="rect" href="$classedu_1_1packt_1_1neuralnet_1_1_neural_net.html#42d6e1250122830856d89a3686b3a796" title="edu.packt.neuralnet.NeuralNet.getListOfMSE" alt="" coords="345,535,633,561">
<area shape="rect" href="$classedu_1_1packt_1_1neuralnet_1_1_layer.html#884240cc906fb8b36194cccf19c2b6bc" title="edu.packt.neuralnet.Layer.getListOfNeurons" alt="" coords="736,357,1019,384">
<area shape="rect" href="$classedu_1_1packt_1_1neuralnet_1_1_neural_net.html#f14057f123727ff718a5403015e4e647" title="edu.packt.neuralnet.NeuralNet.getMaxEpochs" alt="" coords="343,585,636,612">
<area shape="rect" href="$classedu_1_1packt_1_1neuralnet_1_1learn_1_1_training.html#b5cf1337fba9c089662d99fae5977c8c" title="edu.packt.neuralnet.learn.Training.getMse" alt="" coords="353,636,625,663">
<area shape="rect" href="$classedu_1_1packt_1_1neuralnet_1_1_neural_net.html#ce05c78718bed1c012fa76da1607736e" title="edu.packt.neuralnet.NeuralNet.getRealOutputSet" alt="" coords="333,687,645,713">
<area shape="rect" href="$classedu_1_1packt_1_1neuralnet_1_1_neural_net.html#2f63bc17bf5a76266ab3a09660a96e5f" title="edu.packt.neuralnet.NeuralNet.getTargetError" alt="" coords="343,737,636,764">
<area shape="rect" href="$classedu_1_1packt_1_1neuralnet_1_1_neural_net.html#c2e7c33dcd99679a76e6b405d93d7f5b" title="edu.packt.neuralnet.NeuralNet.getTrainSet" alt="" coords="740,408,1015,435">
<area shape="rect" href="$classedu_1_1packt_1_1neuralnet_1_1_neural_net.html#24cfee30d0351c5d58aa34b7d2071d1e" title="edu.packt.neuralnet.NeuralNet.setInputLayer" alt="" coords="345,788,633,815">
<area shape="rect" href="$classedu_1_1packt_1_1neuralnet_1_1_neural_net.html#91c8857c9c3a82e61f5512c09e79a376" title="edu.packt.neuralnet.NeuralNet.setTrainingError" alt="" coords="339,839,640,865">
<area shape="rect" href="$classedu_1_1packt_1_1neuralnet_1_1learn_1_1_training.html#7a5294957e77ea3df7d906c2e690de8c" title="edu.packt.neuralnet.learn.Training.teachNeuronsOfLayer" alt="" coords="311,281,668,308">
<area shape="rect" href="$classedu_1_1packt_1_1neuralnet_1_1learn_1_1_training.html#d3654db10f31727f7a1c2bfefaa0a06e" title="edu.packt.neuralnet.learn.Training.calcNewWeight" alt="" coords="717,205,1037,232">
<area shape="rect" href="$classedu_1_1packt_1_1neuralnet_1_1_neural_net.html#0272182f49606767f22dafa1a5c36f3a" title="edu.packt.neuralnet.NeuralNet.getTrainType" alt="" coords="735,256,1020,283">
<area shape="rect" href="$classedu_1_1packt_1_1neuralnet_1_1_neuron.html#babce636308e672631c1c5746c46f57d" title="edu.packt.neuralnet.Neuron.setListOfWeightIn" alt="" coords="729,307,1025,333">
<area shape="rect" href="$classedu_1_1packt_1_1neuralnet_1_1learn_1_1_training.html#0e7eb2e324e36d3b5e740675f10bdda8" title="edu.packt.neuralnet.learn.Training.derivativeActivationFnc" alt="" coords="1085,205,1451,232">
<area shape="rect" href="$classedu_1_1packt_1_1neuralnet_1_1learn_1_1_training.html#6945a19ff740099659c9e81e1255f749" title="edu.packt.neuralnet.learn.Training.derivativeFncHyperTan" alt="" coords="1500,129,1865,156">
<area shape="rect" href="$classedu_1_1packt_1_1neuralnet_1_1learn_1_1_training.html#5bd0c1ba948a3a82c530752305bab65c" title="edu.packt.neuralnet.learn.Training.derivativeFncLinear" alt="" coords="1511,180,1855,207">
<area shape="rect" href="$classedu_1_1packt_1_1neuralnet_1_1learn_1_1_training.html#b68e279289768f703ef8ac4ff6a18829" title="edu.packt.neuralnet.learn.Training.derivativeFncSigLog" alt="" coords="1508,231,1857,257">
<area shape="rect" href="$classedu_1_1packt_1_1neuralnet_1_1learn_1_1_training.html#fa2fcd32fa0b2fa3582ce21e5f0548b1" title="edu.packt.neuralnet.learn.Training.derivativeFncStep" alt="" coords="1516,281,1849,308">
